Time[ps]      Etot[eV]     Epot[eV]     Ekin[eV]    T[K]
0.0000        -1040.343    -1043.857        3.515   106.2
0.0200        -1040.346    -1043.881        3.535   106.8
0.0400        -1040.352    -1043.671        3.319   100.3
0.0600        -1040.359    -1043.772        3.413   103.1
0.0800        -1040.371    -1044.135        3.764   113.8
0.1000        -1040.393    -1044.094        3.701   111.8
0.1200        -1040.421    -1043.478        3.058    92.4
0.1400        -1040.440    -1043.111        2.671    80.7
0.1600        -1040.452    -1043.584        3.132    94.7
0.1800        -1040.464    -1044.251        3.788   114.5
0.2000        -1040.487    -1044.285        3.798   114.8
0.2200        -1040.519    -1043.824        3.305    99.9
0.2400        -1040.551    -1043.592        3.040    91.9
0.2600        -1040.581    -1043.742        3.161    95.5
0.2800        -1040.610    -1043.808        3.198    96.6
0.3000        -1040.639    -1043.776        3.137    94.8
0.3200        -1040.668    -1043.973        3.306    99.9
0.3400        -1040.701    -1044.191        3.491   105.5
0.3600        -1040.740    -1044.116        3.377   102.0
0.3800        -1040.781    -1043.986        3.205    96.9
0.4000        -1040.822    -1044.099        3.276    99.0
0.4200        -1040.867    -1044.302        3.435   103.8
0.4400        -1040.915    -1044.220        3.305    99.9
0.4600        -1040.958    -1043.760        2.802    84.7
0.4800        -1040.985    -1043.452        2.467    74.6
0.5000        -1040.999    -1043.768        2.768    83.7
0.5200        -1041.006    -1044.229        3.223    97.4
0.5400        -1041.010    -1044.315        3.306    99.9
0.5600        -1041.013    -1044.224        3.211    97.1
0.5800        -1041.015    -1044.220        3.205    96.9
0.6000        -1041.014    -1044.163        3.149    95.2
0.6200        -1041.010    -1043.947        2.936    88.7
0.6400        -1041.001    -1043.891        2.890    87.3
0.6600        -1040.985    -1044.126        3.140    94.9
0.6800        -1040.966    -1044.298        3.331   100.7
0.7000        -1040.949    -1044.233        3.284    99.2
0.7200        -1040.933    -1044.171        3.238    97.9
0.7400        -1040.919    -1044.104        3.185    96.2
0.7600        -1040.905    -1043.961        3.057    92.4
0.7800        -1040.889    -1043.840        2.951    89.2
0.8000        -1040.872    -1043.774        2.903    87.7
0.8200        -1040.852    -1043.859        3.007    90.9
0.8400        -1040.831    -1044.135        3.304    99.9
0.8600        -1040.814    -1044.239        3.426   103.5
0.8800        -1040.801    -1043.957        3.155    95.4
0.9000        -1040.789    -1043.683        2.893    87.4
0.9200        -1040.774    -1043.864        3.090    93.4
0.9400        -1040.756    -1044.294        3.538   106.9
0.9600        -1040.742    -1044.363        3.621   109.4
0.9800        -1040.734    -1043.901        3.167    95.7
1.0000        -1040.726    -1043.479        2.753    83.2
1.0200        -1040.710    -1043.681        2.970    89.8
1.0400        -1040.688    -1044.217        3.529   106.7
1.0600        -1040.666    -1044.374        3.707   112.0
1.0800        -1040.653    -1044.008        3.354   101.4
1.1000        -1040.643    -1043.626        2.984    90.2
1.1200        -1040.628    -1043.713        3.085    93.2
1.1400        -1040.608    -1044.057        3.448   104.2
1.1600        -1040.589    -1044.047        3.458   104.5
1.1800        -1040.573    -1043.652        3.080    93.1
1.2000        -1040.554    -1043.483        2.929    88.5
1.2200        -1040.529    -1043.802        3.274    98.9
1.2400        -1040.499    -1044.093        3.593   108.6
1.2600        -1040.473    -1043.937        3.464   104.7
1.2800        -1040.452    -1043.729        3.277    99.0
1.3000        -1040.431    -1043.856        3.425   103.5
1.3200        -1040.411    -1043.977        3.566   107.8
1.3400        -1040.396    -1043.776        3.380   102.1
1.3600        -1040.382    -1043.639        3.257    98.4
1.3800        -1040.368    -1043.870        3.502   105.8
1.4000        -1040.357    -1044.031        3.674   111.0
1.4200        -1040.352    -1043.775        3.423   103.4
1.4400        -1040.349    -1043.415        3.066    92.7
1.4600        -1040.343    -1043.564        3.221    97.3
1.4800        -1040.335    -1044.056        3.721   112.5
1.5000        -1040.333    -1044.032        3.699   111.8
1.5200        -1040.338    -1043.433        3.094    93.5
1.5400        -1040.340    -1043.165        2.824    85.3
1.5600        -1040.335    -1043.664        3.330   100.6
1.5800        -1040.328    -1044.270        3.942   119.1
1.6000        -1040.333    -1044.220        3.886   117.4
1.6200        -1040.351    -1043.685        3.334   100.7
1.6400        -1040.371    -1043.430        3.058    92.4
1.6600        -1040.391    -1043.564        3.173    95.9
1.6800        -1040.412    -1043.771        3.358   101.5
1.7000        -1040.440    -1044.080        3.640   110.0
1.7200        -1040.482    -1044.318        3.835   115.9
1.7400        -1040.540    -1044.089        3.548   107.2
1.7600        -1040.600    -1043.654        3.054    92.3
1.7800        -1040.650    -1043.575        2.925    88.4
1.8000        -1040.694    -1043.793        3.100    93.7
1.8200        -1040.733    -1043.925        3.192    96.5
1.8400        -1040.766    -1043.816        3.050    92.2
1.8600        -1040.791    -1043.780        2.988    90.3
1.8800        -1040.810    -1044.084        3.273    98.9
1.9000        -1040.829    -1044.360        3.531   106.7
1.9200        -1040.851    -1044.188        3.338   100.9
1.9400        -1040.869    -1043.833        2.964    89.6
1.9600        -1040.879    -1043.826        2.946    89.0
1.9800        -1040.884    -1044.092        3.208    96.9
2.0000        -1040.887    -1044.215        3.328   100.6
2.0200        -1040.889    -1044.120        3.231    97.6
2.0400        -1040.890    -1044.051        3.161    95.5
2.0600        -1040.889    -1044.135        3.246    98.1
2.0800        -1040.886    -1044.183        3.297    99.6
2.1000        -1040.882    -1044.060        3.178    96.0
2.1200        -1040.876    -1043.864        2.988    90.3
2.1400        -1040.864    -1043.751        2.887    87.2
2.1600        -1040.845    -1043.711        2.866    86.6
2.1800        -1040.817    -1043.796        2.979    90.0
2.2000        -1040.779    -1044.157        3.378   102.1
2.2200        -1040.737    -1044.465        3.728   112.7
2.2400        -1040.700    -1044.258        3.557   107.5
2.2600        -1040.672    -1043.699        3.027    91.5
2.2800        -1040.643    -1043.477        2.834    85.7
2.3000        -1040.605    -1043.828        3.223    97.4
2.3200        -1040.562    -1044.202        3.639   110.0
2.3400        -1040.525    -1044.107        3.582   108.2
2.3600        -1040.497    -1043.808        3.310   100.0
2.3800        -1040.474    -1043.722        3.248    98.2
2.4000        -1040.452    -1043.760        3.308   100.0
2.4200        -1040.433    -1043.754        3.321   100.4
2.4400        -1040.416    -1043.763        3.347   101.2
2.4600        -1040.402    -1043.826        3.424   103.5
2.4800        -1040.392    -1043.817        3.425   103.5
2.5000        -1040.386    -1043.705        3.320   100.3
2.5200        -1040.381    -1043.671        3.290    99.4
2.5400        -1040.377    -1043.766        3.389   102.4
2.5600        -1040.375    -1043.729        3.354   101.4
2.5800        -1040.374    -1043.577        3.204    96.8
2.6000        -1040.371    -1043.722        3.351   101.3
2.6200        -1040.371    -1044.108        3.737   112.9
2.6400        -1040.378    -1044.097        3.719   112.4
2.6600        -1040.391    -1043.651        3.260    98.5
2.6800        -1040.402    -1043.533        3.131    94.6
2.7000        -1040.410    -1043.923        3.513   106.2
2.7200        -1040.422    -1044.115        3.693   111.6
2.7400        -1040.439    -1043.796        3.357   101.4
2.7600        -1040.455    -1043.545        3.090    93.4
2.7800        -1040.467    -1043.671        3.204    96.8
2.8000        -1040.477    -1043.870        3.394   102.6
2.8200        -1040.488    -1043.981        3.493   105.6
2.8400        -1040.503    -1043.970        3.468   104.8
2.8600        -1040.519    -1043.796        3.277    99.0
2.8800        -1040.534    -1043.584        3.050    92.2
2.9000        -1040.544    -1043.571        3.027    91.5
2.9200        -1040.549    -1043.815        3.267    98.7
2.9400        -1040.554    -1044.102        3.548   107.2
2.9600        -1040.564    -1044.195        3.631   109.7
2.9800        -1040.580    -1043.999        3.418   103.3
3.0000        -1040.598    -1043.798        3.200    96.7
3.0200        -1040.615    -1043.858        3.243    98.0
3.0400        -1040.632    -1043.960        3.328   100.6
3.0600        -1040.650    -1043.939        3.289    99.4
3.0800        -1040.669    -1043.918        3.250    98.2
3.1000        -1040.688    -1043.917        3.229    97.6
3.1200        -1040.707    -1043.821        3.115    94.1
3.1400        -1040.723    -1043.747        3.024    91.4
3.1600        -1040.737    -1043.904        3.167    95.7
3.1800        -1040.751    -1044.101        3.350   101.2
3.2000        -1040.768    -1044.010        3.243    98.0
3.2200        -1040.785    -1043.772        2.987    90.3
3.2400        -1040.800    -1043.822        3.022    91.3
3.2600        -1040.813    -1044.170        3.357   101.4
3.2800        -1040.833    -1044.357        3.524   106.5
3.3000        -1040.859    -1044.173        3.313   100.1
3.3200        -1040.889    -1043.879        2.990    90.4
3.3400        -1040.916    -1043.859        2.943    88.9
3.3600        -1040.942    -1044.116        3.174    95.9
3.3800        -1040.969    -1044.218        3.249    98.2
3.4000        -1040.997    -1044.084        3.087    93.3
3.4200        -1041.022    -1044.060        3.038    91.8
3.4400        -1041.044    -1044.130        3.086    93.3
3.4600        -1041.062    -1044.119        3.056    92.4
3.4800        -1041.077    -1044.057        2.980    90.1
3.5000        -1041.086    -1043.997        2.910    88.0
3.5200        -1041.089    -1043.956        2.867    86.7
3.5400        -1041.084    -1044.003        2.919    88.2
3.5600        -1041.071    -1044.158        3.087    93.3
3.5800        -1041.052    -1044.356        3.304    99.9
3.6000        -1041.030    -1044.431        3.400   102.8
3.6200        -1041.009    -1044.215        3.206    96.9
3.6400        -1040.986    -1043.892        2.907    87.8
3.6600        -1040.956    -1043.854        2.898    87.6
3.6800        -1040.917    -1044.103        3.186    96.3
3.7000        -1040.871    -1044.179        3.308   100.0
3.7200        -1040.825    -1043.932        3.107    93.9
3.7400        -1040.780    -1043.826        3.046    92.1
3.7600        -1040.733    -1044.029        3.297    99.6
3.7800        -1040.686    -1044.179        3.493   105.6
3.8000        -1040.647    -1044.033        3.386   102.3
3.8200        -1040.616    -1043.713        3.097    93.6
3.8400        -1040.588    -1043.539        2.951    89.2
3.8600        -1040.558    -1043.596        3.038    91.8
3.8800        -1040.527    -1043.751        3.224    97.4
3.9000        -1040.496    -1043.933        3.438   103.9
3.9200        -1040.470    -1044.155        3.685   111.4
3.9400        -1040.454    -1044.186        3.731   112.8
3.9600        -1040.448    -1043.865        3.417   103.3
3.9800        -1040.445    -1043.555        3.110    94.0
4.0000        -1040.440    -1043.616        3.176    96.0
4.0200        -1040.432    -1043.900        3.467   104.8
4.0400        -1040.428    -1043.999        3.571   107.9
4.0600        -1040.427    -1043.826        3.399   102.7
4.0800        -1040.430    -1043.790        3.360   101.5
4.1000        -1040.434    -1043.941        3.507   106.0
4.1200        -1040.441    -1043.839        3.397   102.7
4.1400        -1040.449    -1043.535        3.086    93.3
4.1600        -1040.454    -1043.521        3.067    92.7
4.1800        -1040.454    -1043.735        3.280    99.1
4.2000        -1040.454    -1043.852        3.398   102.7
4.2200        -1040.455    -1043.832        3.377   102.0
4.2400        -1040.458    -1043.849        3.391   102.5
4.2600        -1040.463    -1044.017        3.554   107.4
4.2800        -1040.474    -1044.082        3.608   109.0
4.3000        -1040.492    -1043.848        3.356   101.4
4.3200        -1040.510    -1043.635        3.125    94.4
4.3400        -1040.528    -1043.771        3.243    98.0
4.3600        -1040.548    -1044.035        3.487   105.4
4.3800        -1040.574    -1044.023        3.449   104.2
4.4000        -1040.605    -1043.837        3.232    97.7
4.4200        -1040.636    -1043.792        3.155    95.4
4.4400        -1040.669    -1043.938        3.268    98.8
4.4600        -1040.706    -1044.040        3.334   100.8
4.4800        -1040.745    -1043.881        3.137    94.8
4.5000        -1040.780    -1043.624        2.844    86.0
4.5200        -1040.807    -1043.672        2.865    86.6
4.5400        -1040.831    -1044.094        3.263    98.6
4.5600        -1040.858    -1044.417        3.559   107.6
4.5800        -1040.891    -1044.318        3.427   103.6
4.6000        -1040.925    -1044.027        3.101    93.7
4.6200        -1040.955    -1043.885        2.930    88.5
4.6400        -1040.978    -1043.973        2.995    90.5
4.6600        -1040.997    -1044.132        3.135    94.7
4.6800        -1041.015    -1044.185        3.171    95.8
4.7000        -1041.029    -1044.171        3.141    94.9
4.7200        -1041.042    -1044.136        3.094    93.5
4.7400        -1041.051    -1044.060        3.009    90.9
4.7600        -1041.055    -1044.054        2.999    90.6
4.7800        -1041.054    -1044.192        3.138    94.8
4.8000        -1041.049    -1044.193        3.144    95.0
4.8200        -1041.039    -1043.902        2.863    86.5
4.8400        -1041.020    -1043.688        2.668    80.6
4.8600        -1040.986    -1043.920        2.933    88.6
4.8800        -1040.933    -1044.359        3.426   103.5
4.9000        -1040.865    -1044.420        3.555   107.4
4.9200        -1040.798    -1044.061        3.263    98.6
4.9400        -1040.735    -1043.863        3.128    94.5
4.9600        -1040.671    -1043.939        3.268    98.8
4.9800        -1040.611    -1043.889        3.278    99.1
5.0000        -1040.560    -1043.771        3.210    97.0
5.0200        -1040.518    -1043.782        3.265    98.7
5.0400        -1040.482    -1043.819        3.337   100.8
5.0600        -1040.454    -1043.878        3.424   103.5
5.0800        -1040.432    -1043.957        3.525   106.5
5.1000        -1040.417    -1043.891        3.474   105.0
5.1200        -1040.408    -1043.737        3.329   100.6
5.1400        -1040.401    -1043.611        3.210    97.0
5.1600        -1040.392    -1043.575        3.183    96.2
5.1800        -1040.382    -1043.688        3.306    99.9
5.2000        -1040.372    -1043.821        3.449   104.2
5.2200        -1040.365    -1043.865        3.500   105.8
5.2400        -1040.361    -1043.850        3.489   105.4
5.2600        -1040.362    -1043.881        3.520   106.4
5.2800        -1040.367    -1043.839        3.472   104.9
5.3000        -1040.375    -1043.720        3.345   101.1
5.3200        -1040.384    -1043.706        3.322   100.4
5.3400        -1040.393    -1043.818        3.425   103.5
5.3600        -1040.406    -1043.918        3.512   106.1
5.3800        -1040.424    -1043.865        3.441   104.0
5.4000        -1040.443    -1043.728        3.284    99.2
5.4200        -1040.463    -1043.711        3.247    98.1
5.4400        -1040.483    -1043.862        3.378   102.1
5.4600        -1040.506    -1043.921        3.415   103.2
5.4800        -1040.531    -1043.778        3.247    98.1
5.5000        -1040.555    -1043.682        3.128    94.5
5.5200        -1040.576    -1043.753        3.177    96.0
5.5400        -1040.596    -1043.831        3.235    97.8
5.5600        -1040.615    -1043.914        3.299    99.7
5.5800        -1040.636    -1044.000        3.364   101.7
5.6000        -1040.658    -1044.030        3.371   101.9
5.6200        -1040.684    -1044.042        3.359   101.5
5.6400        -1040.711    -1044.067        3.356   101.4
5.6600        -1040.741    -1044.041        3.301    99.7
5.6800        -1040.770    -1043.926        3.155    95.4
5.7000        -1040.797    -1043.838        3.041    91.9
5.7200        -1040.819    -1043.868        3.049    92.1
5.7400        -1040.838    -1043.997        3.158    95.4
5.7600        -1040.857    -1044.150        3.293    99.5
5.7800        -1040.875    -1044.120        3.244    98.0
5.8000        -1040.892    -1043.902        3.010    91.0
5.8200        -1040.905    -1043.821        2.916    88.1
5.8400        -1040.912    -1043.969        3.057    92.4
5.8600        -1040.915    -1044.122        3.207    96.9
5.8800        -1040.916    -1044.152        3.237    97.8
5.9000        -1040.915    -1044.111        3.195    96.6
5.9200        -1040.912    -1044.062        3.150    95.2
5.9400        -1040.905    -1044.055        3.149    95.2
5.9600        -1040.894    -1044.030        3.136    94.8
5.9800        -1040.875    -1044.027        3.152    95.2
6.0000        -1040.849    -1044.134        3.285    99.3
6.0200        -1040.815    -1044.145        3.329   100.6
6.0400        -1040.777    -1043.851        3.074    92.9
6.0600        -1040.732    -1043.613        2.881    87.1
6.0800        -1040.676    -1043.912        3.236    97.8
6.1000        -1040.610    -1044.279        3.670   110.9
6.1200        -1040.548    -1044.061        3.513   106.2
6.1400        -1040.500    -1043.542        3.042    91.9
6.1600        -1040.458    -1043.392        2.934    88.7
6.1800        -1040.413    -1043.659        3.246    98.1
6.2000        -1040.368    -1043.924        3.556   107.5
6.2200        -1040.331    -1043.995        3.664   110.7
6.2400        -1040.305    -1043.973        3.668   110.8
6.2600        -1040.290    -1043.853        3.563   107.7
6.2800        -1040.282    -1043.617        3.336   100.8
6.3000        -1040.275    -1043.543        3.268    98.8
6.3200        -1040.269    -1043.824        3.554   107.4
6.3400        -1040.268    -1044.002        3.735   112.9
6.3600        -1040.274    -1043.708        3.434   103.8
6.3800        -1040.282    -1043.411        3.129    94.5
6.4000        -1040.288    -1043.598        3.310   100.0
6.4200        -1040.295    -1043.914        3.620   109.4
6.4400        -1040.307    -1043.828        3.521   106.4
6.4600        -1040.323    -1043.536        3.213    97.1
6.4800        -1040.337    -1043.582        3.245    98.1
6.5000        -1040.352    -1043.894        3.542   107.0
6.5200        -1040.373    -1043.974        3.601   108.8
6.5400        -1040.399    -1043.777        3.378   102.1
6.5600        -1040.427    -1043.694        3.267    98.7
6.5800        -1040.455    -1043.774        3.319   100.3
6.6000        -1040.484    -1043.880        3.395   102.6
6.6200        -1040.517    -1044.008        3.491   105.5
6.6400        -1040.554    -1044.043        3.489   105.4
6.6600        -1040.594    -1043.894        3.300    99.7
6.6800        -1040.630    -1043.746        3.116    94.2
6.7000        -1040.661    -1043.704        3.043    92.0
6.7200        -1040.686    -1043.876        3.190    96.4
6.7400        -1040.711    -1044.188        3.477   105.1
6.7600        -1040.737    -1044.141        3.404   102.9
6.7800        -1040.761    -1043.729        2.969    89.7
6.8000        -1040.776    -1043.668        2.892    87.4
6.8200        -1040.785    -1044.067        3.282    99.2
6.8400        -1040.793    -1044.271        3.477   105.1
6.8600        -1040.803    -1044.107        3.303    99.8
6.8800        -1040.812    -1043.866        3.054    92.3
6.9000        -1040.816    -1043.759        2.943    88.9
6.9200        -1040.813    -1043.860        3.046    92.1
6.9400        -1040.806    -1044.135        3.329   100.6
6.9600        -1040.800    -1044.387        3.588   108.4
6.9800        -1040.797    -1044.277        3.479   105.2
7.0000        -1040.798    -1043.859        3.061    92.5
7.0200        -1040.795    -1043.648        2.853    86.2
7.0400        -1040.785    -1043.914        3.130    94.6
7.0600        -1040.770    -1044.183        3.413   103.1
7.0800        -1040.756    -1043.984        3.228    97.5
7.1000        -1040.741    -1043.705        2.963    89.6
7.1200        -1040.722    -1043.819        3.097    93.6
7.1400        -1040.697    -1044.066        3.369   101.8
7.1600        -1040.670    -1044.054        3.384   102.3
7.1800        -1040.646    -1043.893        3.247    98.1
7.2000        -1040.621    -1043.815        3.193    96.5
7.2200        -1040.594    -1043.808        3.214    97.1
7.2400        -1040.565    -1043.828        3.263    98.6
7.2600        -1040.534    -1043.869        3.334   100.8
7.2800        -1040.504    -1043.928        3.424   103.5
7.3000        -1040.475    -1044.043        3.568   107.8
7.3200        -1040.451    -1044.072        3.621   109.4
7.3400        -1040.434    -1043.804        3.370   101.9
7.3600        -1040.420    -1043.475        3.055    92.3
7.3800        -1040.404    -1043.568        3.164    95.6
7.4000        -1040.385    -1043.881        3.497   105.7
7.4200        -1040.369    -1043.904        3.535   106.8
7.4400        -1040.358    -1043.703        3.345   101.1
7.4600        -1040.350    -1043.675        3.325   100.5
7.4800        -1040.344    -1043.767        3.423   103.5
7.5000        -1040.341    -1043.729        3.388   102.4
7.5200        -1040.339    -1043.647        3.307   100.0
7.5400        -1040.339    -1043.685        3.347   101.1
7.5600        -1040.339    -1043.799        3.460   104.6
7.5800        -1040.342    -1043.902        3.559   107.6
7.6000        -1040.349    -1043.953        3.605   108.9
7.6200        -1040.360    -1043.957        3.597   108.7
7.6400        -1040.374    -1043.874        3.499   105.7
7.6600        -1040.390    -1043.705        3.315   100.2
7.6800        -1040.403    -1043.636        3.233    97.7
7.7000        -1040.415    -1043.791        3.376   102.0
7.7200        -1040.429    -1043.851        3.422   103.4
7.7400        -1040.443    -1043.615        3.172    95.9
7.7600        -1040.453    -1043.513        3.060    92.5
7.7800        -1040.460    -1043.839        3.379   102.1
7.8000        -1040.470    -1044.167        3.697   111.7
7.8200        -1040.487    -1044.000        3.513   106.2
7.8400        -1040.505    -1043.593        3.087    93.3
7.8600        -1040.520    -1043.562        3.042    91.9
7.8800        -1040.531    -1043.821        3.289    99.4
7.9000        -1040.542    -1043.976        3.433   103.8
7.9200        -1040.557    -1044.079        3.522   106.4
7.9400        -1040.577    -1044.178        3.601   108.8
7.9600        -1040.603    -1044.091        3.488   105.4
7.9800        -1040.632    -1043.812        3.180    96.1
8.0000        -1040.655    -1043.568        2.913    88.0
8.0200        -1040.672    -1043.640        2.968    89.7
8.0400        -1040.684    -1043.971        3.286    99.3
8.0600        -1040.697    -1044.114        3.417   103.3
8.0800        -1040.711    -1043.991        3.280    99.1
8.1000        -1040.725    -1043.943        3.218    97.2
8.1200        -1040.738    -1044.011        3.273    98.9
8.1400        -1040.750    -1043.895        3.145    95.0
8.1600        -1040.758    -1043.747        2.989    90.3
8.1800        -1040.762    -1043.906        3.144    95.0
8.2000        -1040.763    -1044.146        3.383   102.2
8.2200        -1040.765    -1044.086        3.322   100.4
8.2400        -1040.766    -1043.907        3.141    94.9
8.2600        -1040.765    -1043.984        3.219    97.3
8.2800        -1040.763    -1044.194        3.431   103.7
8.3000        -1040.763    -1044.177        3.414   103.2
8.3200        -1040.763    -1043.883        3.120    94.3
8.3400        -1040.760    -1043.665        2.905    87.8
8.3600        -1040.751    -1043.800        3.049    92.1
8.3800        -1040.734    -1044.049        3.314   100.2
8.4000        -1040.714    -1044.034        3.319   100.3
8.4200        -1040.692    -1043.863        3.171    95.8
8.4400        -1040.666    -1043.884        3.217    97.2
8.4600        -1040.635    -1043.988        3.353   101.3
8.4800        -1040.600    -1043.906        3.306    99.9
8.5000        -1040.564    -1043.737        3.172    95.9
8.5200        -1040.525    -1043.729        3.204    96.8
8.5400        -1040.480    -1043.882        3.402   102.8
8.5600        -1040.434    -1043.938        3.503   105.9
8.5800        -1040.393    -1043.810        3.417   103.3
8.6000        -1040.356    -1043.779        3.424   103.5
8.6200        -1040.322    -1043.894        3.572   107.9
8.6400        -1040.294    -1043.822        3.528   106.6
8.6600        -1040.273    -1043.585        3.312   100.1
8.6800        -1040.254    -1043.501        3.247    98.1
8.7000        -1040.235    -1043.668        3.432   103.7
8.7200        -1040.219    -1043.868        3.649   110.3
8.7400        -1040.210    -1043.810        3.600   108.8
8.7600        -1040.207    -1043.558        3.351   101.3
8.7800        -1040.205    -1043.473        3.267    98.7
8.8000        -1040.204    -1043.661        3.457   104.5
8.8200        -1040.205    -1043.809        3.604   108.9
8.8400        -1040.212    -1043.740        3.528   106.6
8.8600        -1040.223    -1043.643        3.419   103.3
8.8800        -1040.237    -1043.736        3.499   105.7
8.9000        -1040.256    -1043.871        3.615   109.2
8.9200        -1040.282    -1043.786        3.504   105.9
8.9400        -1040.310    -1043.627        3.317   100.3
8.9600        -1040.339    -1043.696        3.357   101.4
8.9800        -1040.372    -1043.950        3.579   108.1
9.0000        -1040.412    -1044.056        3.644   110.1
9.0200        -1040.458    -1043.845        3.387   102.4
9.0400        -1040.499    -1043.538        3.039    91.8
9.0600        -1040.533    -1043.577        3.044    92.0
9.0800        -1040.561    -1043.870        3.309   100.0
9.1000        -1040.587    -1043.898        3.311   100.0
9.1200        -1040.609    -1043.769        3.160    95.5
9.1400        -1040.626    -1043.863        3.237    97.8
9.1600        -1040.639    -1044.028        3.389   102.4
9.1800        -1040.651    -1044.059        3.407   103.0
9.2000        -1040.663    -1044.000        3.338   100.9
9.2200        -1040.672    -1043.966        3.295    99.6
9.2400        -1040.679    -1043.991        3.312   100.1
9.2600        -1040.684    -1044.026        3.342   101.0
9.2800        -1040.689    -1043.952        3.263    98.6
9.3000        -1040.692    -1043.862        3.170    95.8
9.3200        -1040.692    -1043.839        3.147    95.1
9.3400        -1040.690    -1043.828        3.138    94.8
9.3600        -1040.684    -1043.939        3.255    98.4
9.3800        -1040.678    -1044.066        3.388   102.4
9.4000        -1040.673    -1043.866        3.192    96.5
9.4200        -1040.666    -1043.604        2.938    88.8
9.4400        -1040.655    -1043.820        3.165    95.7
9.4600        -1040.639    -1044.222        3.583   108.3
9.4800        -1040.627    -1044.198        3.571   107.9
9.5000        -1040.621    -1043.847        3.226    97.5
9.5200        -1040.614    -1043.641        3.027    91.5
9.5400        -1040.602    -1043.789        3.186    96.3
9.5600        -1040.588    -1044.003        3.416   103.2
9.5800        -1040.573    -1043.935        3.362   101.6
9.6000        -1040.560    -1043.850        3.290    99.4
9.6200        -1040.546    -1043.984        3.438   103.9
9.6400        -1040.534    -1043.970        3.436   103.8
9.6600        -1040.523    -1043.739        3.215    97.2
9.6800        -1040.512    -1043.741        3.229    97.6
9.7000        -1040.497    -1043.947        3.449   104.2
9.7200        -1040.484    -1043.926        3.442   104.0
9.7400        -1040.472    -1043.603        3.131    94.6
9.7600        -1040.457    -1043.490        3.033    91.7
9.7800        -1040.436    -1043.864        3.429   103.6
9.8000        -1040.412    -1044.184        3.773   114.0
9.8200        -1040.394    -1043.948        3.554   107.4
9.8400        -1040.380    -1043.541        3.160    95.5
9.8600        -1040.365    -1043.544        3.179    96.1
9.8800        -1040.345    -1043.869        3.524   106.5
9.9000        -1040.324    -1043.983        3.659   110.6
9.9200        -1040.307    -1043.778        3.471   104.9
9.9400        -1040.293    -1043.706        3.413   103.1
9.9600        -1040.280    -1043.805        3.524   106.5
9.9800        -1040.269    -1043.757        3.488   105.4
10.0000       -1040.261    -1043.667        3.406   102.9
10.0200       -1040.253    -1043.683        3.430   103.7
10.0400       -1040.247    -1043.690        3.443   104.0
10.0600       -1040.243    -1043.559        3.316   100.2
10.0800       -1040.238    -1043.431        3.192    96.5
10.1000       -1040.232    -1043.621        3.389   102.4
10.1200       -1040.225    -1043.945        3.719   112.4
10.1400       -1040.226    -1043.925        3.699   111.8
10.1600       -1040.235    -1043.689        3.454   104.4
10.1800       -1040.249    -1043.689        3.439   103.9
10.2000       -1040.269    -1043.821        3.552   107.3
10.2200       -1040.296    -1043.777        3.481   105.2
10.2400       -1040.327    -1043.580        3.253    98.3
10.2600       -1040.358    -1043.613        3.255    98.4
10.2800       -1040.392    -1043.913        3.520   106.4
10.3000       -1040.434    -1044.031        3.597   108.7
10.3200       -1040.482    -1043.871        3.389   102.4
10.3400       -1040.528    -1043.759        3.231    97.6
10.3600       -1040.570    -1043.792        3.222    97.4
10.3800       -1040.609    -1043.827        3.218    97.2
10.4000       -1040.643    -1043.840        3.197    96.6
10.4200       -1040.673    -1043.902        3.228    97.6
10.4400       -1040.700    -1043.994        3.294    99.5
10.4600       -1040.725    -1043.983        3.258    98.5
10.4800       -1040.746    -1043.855        3.109    94.0
10.5000       -1040.762    -1043.894        3.132    94.7
10.5200       -1040.775    -1044.107        3.332   100.7
10.5400       -1040.788    -1044.139        3.351   101.3
10.5600       -1040.800    -1044.037        3.237    97.8
10.5800       -1040.811    -1044.031        3.220    97.3
10.6000       -1040.820    -1044.057        3.237    97.8
10.6200       -1040.827    -1043.972        3.145    95.0
10.6400       -1040.830    -1043.874        3.044    92.0
10.6600       -1040.829    -1043.903        3.074    92.9
10.6800       -1040.824    -1044.031        3.207    96.9
10.7000       -1040.816    -1044.016        3.200    96.7
10.7200       -1040.805    -1043.813        3.007    90.9
10.7400       -1040.790    -1043.851        3.061    92.5
10.7600       -1040.768    -1044.171        3.403   102.9
10.7800       -1040.744    -1044.254        3.510   106.1
10.8000       -1040.723    -1043.942        3.219    97.3
10.8200       -1040.700    -1043.737        3.037    91.8
10.8400       -1040.672    -1043.922        3.251    98.2
10.8600       -1040.637    -1044.084        3.447   104.2
10.8800       -1040.601    -1043.897        3.296    99.6
10.9000       -1040.565    -1043.657        3.092    93.4
10.9200       -1040.523    -1043.781        3.257    98.4
10.9400       -1040.475    -1044.016        3.540   107.0
10.9600       -1040.428    -1043.944        3.516   106.3
10.9800       -1040.387    -1043.628        3.240    97.9
11.0000       -1040.349    -1043.502        3.153    95.3
11.0200       -1040.308    -1043.749        3.440   104.0
11.0400       -1040.270    -1043.940        3.670   110.9
11.0600       -1040.241    -1043.758        3.516   106.3
11.0800       -1040.221    -1043.578        3.357   101.4
11.1000       -1040.205    -1043.647        3.441   104.0
11.1200       -1040.194    -1043.807        3.613   109.2
11.1400       -1040.190    -1043.817        3.627   109.6
11.1600       -1040.192    -1043.638        3.446   104.2
11.1800       -1040.196    -1043.547        3.350   101.3
11.2000       -1040.201    -1043.637        3.436   103.8
11.2200       -1040.208    -1043.701        3.493   105.6
11.2400       -1040.217    -1043.716        3.499   105.7
11.2600       -1040.228    -1043.785        3.557   107.5
11.2800       -1040.243    -1043.782        3.539   106.9
11.3000       -1040.259    -1043.656        3.397   102.7
11.3200       -1040.275    -1043.657        3.382   102.2
11.3400       -1040.291    -1043.824        3.533   106.8
11.3600       -1040.310    -1043.908        3.598   108.7
11.3800       -1040.332    -1043.655        3.323   100.4
11.4000       -1040.350    -1043.451        3.100    93.7
11.4200       -1040.365    -1043.699        3.335   100.8
11.4400       -1040.380    -1043.949        3.569   107.9
11.4600       -1040.398    -1043.862        3.464   104.7
11.4800       -1040.418    -1043.758        3.340   100.9
11.5000       -1040.438    -1043.877        3.439   103.9
11.5200       -1040.461    -1043.986        3.525   106.5
11.5400       -1040.487    -1043.881        3.395   102.6
11.5600       -1040.511    -1043.741        3.230    97.6
11.5800       -1040.534    -1043.773        3.240    97.9
11.6000       -1040.554    -1043.820        3.266    98.7
11.6200       -1040.572    -1043.783        3.211    97.0
11.6400       -1040.588    -1043.867        3.279    99.1
11.6600       -1040.604    -1044.012        3.408   103.0
11.6800       -1040.621    -1043.979        3.358   101.5
11.7000       -1040.638    -1043.889        3.251    98.2
11.7200       -1040.654    -1043.913        3.259    98.5
11.7400       -1040.668    -1043.956        3.288    99.4
11.7600       -1040.682    -1043.881        3.199    96.7
11.7800       -1040.693    -1043.756        3.063    92.6
11.8000       -1040.700    -1043.838        3.138    94.8
11.8200       -1040.705    -1044.114        3.409   103.0
11.8400       -1040.711    -1044.174        3.463   104.6
11.8600       -1040.720    -1044.012        3.292    99.5
11.8800       -1040.730    -1043.947        3.218    97.2
11.9000       -1040.738    -1043.959        3.221    97.3
11.9200       -1040.745    -1043.846        3.101    93.7
11.9400       -1040.748    -1043.756        3.008    90.9
11.9600       -1040.747    -1043.944        3.197    96.6
11.9800       -1040.743    -1044.179        3.436   103.8
12.0000       -1040.740    -1044.124        3.384   102.3
12.0200       -1040.737    -1043.832        3.095    93.5
12.0400       -1040.730    -1043.666        2.935    88.7
12.0600       -1040.714    -1043.840        3.125    94.4
12.0800       -1040.689    -1044.127        3.439   103.9
12.1000       -1040.657    -1044.155        3.498   105.7
12.1200       -1040.624    -1043.907        3.283    99.2
12.1400       -1040.589    -1043.779        3.190    96.4
12.1600       -1040.547    -1043.878        3.332   100.7
12.1800       -1040.501    -1043.948        3.448   104.2
12.2000       -1040.455    -1043.890        3.435   103.8
12.2200       -1040.412    -1043.777        3.365   101.7
12.2400       -1040.371    -1043.660        3.288    99.4
12.2600       -1040.333    -1043.601        3.268    98.8
12.2800       -1040.295    -1043.620        3.326   100.5
12.3000       -1040.258    -1043.745        3.487   105.4
12.3200       -1040.225    -1043.874        3.648   110.3
12.3400       -1040.201    -1043.818        3.617   109.3
12.3600       -1040.184    -1043.640        3.456   104.4
12.3800       -1040.172    -1043.511        3.339   100.9
12.4000       -1040.161    -1043.537        3.377   102.0
12.4200       -1040.151    -1043.727        3.575   108.0
12.4400       -1040.147    -1043.840        3.692   111.6
12.4600       -1040.151    -1043.746        3.595   108.6
12.4800       -1040.161    -1043.644        3.482   105.2
12.5000       -1040.175    -1043.692        3.517   106.3
12.5200       -1040.195    -1043.729        3.534   106.8
12.5400       -1040.218    -1043.611        3.393   102.5
12.5600       -1040.243    -1043.496        3.253    98.3
12.5800       -1040.268    -1043.606        3.338   100.9
12.6000       -1040.295    -1043.842        3.547   107.2
12.6200       -1040.330    -1043.976        3.646   110.2
12.6400       -1040.372    -1043.952        3.580   108.2
12.6600       -1040.418    -1043.793        3.375   102.0
12.6800       -1040.462    -1043.635        3.173    95.9
12.7000       -1040.500    -1043.714        3.214    97.1
12.7200       -1040.536    -1043.929        3.393   102.5
12.7400       -1040.571    -1043.929        3.359   101.5
12.7600       -1040.601    -1043.755        3.154    95.3
12.7800       -1040.625    -1043.761        3.136    94.8
12.8000       -1040.644    -1043.999        3.355   101.4
12.8200       -1040.662    -1044.166        3.503   105.9
12.8400       -1040.682    -1044.057        3.375   102.0
12.8600       -1040.699    -1043.894        3.195    96.6
12.8800       -1040.712    -1043.911        3.199    96.7
12.9000       -1040.722    -1044.005        3.283    99.2
12.9200       -1040.730    -1043.962        3.232    97.7
12.9400       -1040.735    -1043.784        3.049    92.2
12.9600       -1040.735    -1043.770        3.035    91.7
12.9800       -1040.731    -1043.973        3.242    98.0
13.0000       -1040.725    -1044.106        3.381   102.2
13.0200       -1040.721    -1044.046        3.324   100.5
13.0400       -1040.718    -1043.922        3.205    96.8
13.0600       -1040.712    -1043.829        3.117    94.2
13.0800       -1040.704    -1043.843        3.139    94.9
13.1000       -1040.693    -1043.957        3.263    98.6
13.1200       -1040.682    -1043.996        3.314   100.2
13.1400       -1040.670    -1043.911        3.241    97.9
13.1600       -1040.658    -1043.938        3.280    99.1
13.1800       -1040.645    -1044.040        3.395   102.6
13.2000       -1040.634    -1043.981        3.347   101.1
13.2200       -1040.624    -1043.860        3.236    97.8
13.2400       -1040.613    -1043.838        3.225    97.5
13.2600       -1040.601    -1043.861        3.261    98.5
13.2800       -1040.587    -1043.843        3.256    98.4
13.3000       -1040.572    -1043.796        3.224    97.4
13.3200       -1040.555    -1043.804        3.249    98.2
13.3400       -1040.536    -1043.861        3.325   100.5
13.3600       -1040.516    -1043.849        3.332   100.7
13.3800       -1040.496    -1043.824        3.328   100.6
13.4000       -1040.474    -1043.886        3.412   103.1
13.4200       -1040.453    -1043.944        3.492   105.5
13.4400       -1040.432    -1043.839        3.407   102.9
13.4600       -1040.412    -1043.710        3.298    99.7
13.4800       -1040.389    -1043.719        3.329   100.6
13.5000       -1040.362    -1043.807        3.444   104.1
13.5200       -1040.331    -1043.825        3.494   105.6
13.5400       -1040.296    -1043.738        3.442   104.0
13.5600       -1040.257    -1043.714        3.457   104.5
13.5800       -1040.211    -1043.770        3.559   107.5
13.6000       -1040.160    -1043.671        3.510   106.1
13.6200       -1040.107    -1043.463        3.356   101.4
13.6400       -1040.050    -1043.500        3.450   104.3
13.6600       -1039.989    -1043.693        3.703   111.9
13.6800       -1039.933    -1043.631        3.699   111.8
13.7000       -1039.886    -1043.414        3.528   106.6
13.7200       -1039.848    -1043.391        3.543   107.1
13.7400       -1039.815    -1043.623        3.808   115.1
13.7600       -1039.794    -1043.704        3.910   118.2
13.7800       -1039.786    -1043.512        3.726   112.6
13.8000       -1039.788    -1043.481        3.693   111.6
13.8200       -1039.800    -1043.553        3.753   113.4
13.8400       -1039.820    -1043.379        3.559   107.6
13.8600       -1039.843    -1043.210        3.367   101.7
13.8800       -1039.868    -1043.393        3.525   106.5
13.9000       -1039.899    -1043.738        3.839   116.0
13.9200       -1039.944    -1043.862        3.918   118.4
13.9400       -1039.996    -1043.568        3.572   107.9
13.9600       -1040.045    -1043.347        3.302    99.8
13.9800       -1040.090    -1043.616        3.526   106.6
14.0000       -1040.137    -1043.922        3.785   114.4
14.0200       -1040.185    -1043.812        3.627   109.6
14.0400       -1040.226    -1043.563        3.337   100.8
14.0600       -1040.259    -1043.583        3.325   100.5
14.0800       -1040.286    -1043.693        3.407   103.0
14.1000       -1040.309    -1043.686        3.377   102.1
14.1200       -1040.329    -1043.722        3.393   102.5
14.1400       -1040.348    -1043.806        3.458   104.5
14.1600       -1040.368    -1043.884        3.516   106.3
14.1800       -1040.391    -1043.927        3.536   106.9
14.2000       -1040.415    -1043.915        3.500   105.8
14.2200       -1040.441    -1043.792        3.351   101.3
14.2400       -1040.465    -1043.666        3.201    96.7
14.2600       -1040.485    -1043.725        3.240    97.9
14.2800       -1040.504    -1043.885        3.380   102.1
14.3000       -1040.525    -1043.956        3.431   103.7
14.3200       -1040.546    -1043.834        3.288    99.4
14.3400       -1040.565    -1043.687        3.122    94.3
14.3600       -1040.581    -1043.797        3.216    97.2
14.3800       -1040.596    -1044.052        3.456   104.4
14.4000       -1040.614    -1044.112        3.498   105.7
14.4200       -1040.635    -1043.895        3.260    98.5
14.4400       -1040.653    -1043.695        3.041    91.9
14.4600       -1040.667    -1043.762        3.095    93.5
14.4800       -1040.678    -1043.978        3.299    99.7
14.5000       -1040.689    -1044.142        3.452   104.3
14.5200       -1040.704    -1044.099        3.395   102.6
14.5400       -1040.719    -1043.905        3.185    96.3
14.5600       -1040.732    -1043.832        3.100    93.7
14.5800       -1040.743    -1043.919        3.177    96.0
14.6000       -1040.750    -1043.958        3.207    96.9
14.6200       -1040.757    -1043.911        3.154    95.3
14.6400       -1040.760    -1043.869        3.108    93.9
14.6600       -1040.761    -1043.876        3.116    94.2
14.6800       -1040.757    -1043.951        3.194    96.5
14.7000       -1040.751    -1044.066        3.315   100.2
14.7200       -1040.743    -1044.123        3.380   102.1
14.7400       -1040.736    -1044.087        3.351   101.3
14.7600       -1040.729    -1043.958        3.229    97.6
14.7800       -1040.719    -1043.800        3.081    93.1
14.8000       -1040.704    -1043.759        3.055    92.3
14.8200       -1040.681    -1043.910        3.229    97.6
14.8400       -1040.651    -1044.074        3.423   103.4
14.8600       -1040.618    -1044.011        3.394   102.6
14.8800       -1040.583    -1043.835        3.253    98.3
14.9000       -1040.544    -1043.808        3.264    98.6
14.9200       -1040.501    -1043.857        3.356   101.4
14.9400       -1040.455    -1043.827        3.371   101.9
14.9600       -1040.410    -1043.762        3.352   101.3
14.9800       -1040.366    -1043.711        3.345   101.1
15.0000       -1040.323    -1043.736        3.414   103.2
15.0200       -1040.283    -1043.804        3.521   106.4
15.0400       -1040.248    -1043.782        3.533   106.8
15.0600       -1040.221    -1043.718        3.497   105.7
15.0800       -1040.199    -1043.649        3.450   104.3
15.1000       -1040.182    -1043.629        3.446   104.1
15.1200       -1040.169    -1043.696        3.527   106.6
15.1400       -1040.161    -1043.753        3.592   108.5
15.1600       -1040.159    -1043.777        3.618   109.3
15.1800       -1040.163    -1043.684        3.521   106.4
15.2000       -1040.171    -1043.537        3.365   101.7
15.2200       -1040.181    -1043.570        3.389   102.4
15.2400       -1040.192    -1043.699        3.507   106.0
15.2600       -1040.208    -1043.740        3.533   106.8
15.2800       -1040.228    -1043.720        3.492   105.5
15.3000       -1040.251    -1043.692        3.441   104.0
15.3200       -1040.277    -1043.634        3.357   101.5
15.3400       -1040.304    -1043.697        3.394   102.6
15.3600       -1040.334    -1043.958        3.625   109.5
15.3800       -1040.372    -1044.030        3.658   110.5
15.4000       -1040.413    -1043.677        3.263    98.6
15.4200       -1040.448    -1043.390        2.942    88.9
15.4400       -1040.474    -1043.567        3.093    93.5
15.4600       -1040.497    -1043.982        3.485   105.3
15.4800       -1040.524    -1044.196        3.672   111.0
15.5000       -1040.554    -1044.114        3.560   107.6
15.5200       -1040.585    -1043.900        3.315   100.2
15.5400       -1040.609    -1043.754        3.145    95.0
15.5600       -1040.626    -1043.795        3.169    95.8
15.5800       -1040.638    -1043.924        3.286    99.3
15.6000       -1040.648    -1044.007        3.359   101.5
15.6200       -1040.656    -1043.937        3.281    99.1
15.6400       -1040.662    -1043.762        3.100    93.7
15.6600       -1040.663    -1043.778        3.115    94.1
15.6800       -1040.661    -1044.002        3.341   101.0
15.7000       -1040.660    -1044.072        3.412   103.1
15.7200       -1040.660    -1043.906        3.246    98.1
15.7400       -1040.659    -1043.810        3.150    95.2
15.7600       -1040.656    -1043.863        3.207    96.9
15.7800       -1040.651    -1043.917        3.266    98.7
15.8000       -1040.645    -1043.931        3.286    99.3
15.8200       -1040.639    -1043.928        3.289    99.4
15.8400       -1040.633    -1043.949        3.317   100.2
15.8600       -1040.627    -1044.052        3.425   103.5
15.8800       -1040.624    -1044.062        3.439   103.9
15.9000       -1040.622    -1043.840        3.218    97.2
15.9200       -1040.619    -1043.622        3.003    90.7
15.9400       -1040.611    -1043.692        3.081    93.1
15.9600       -1040.598    -1043.954        3.356   101.4
15.9800       -1040.584    -1044.029        3.445   104.1
16.0000       -1040.573    -1043.903        3.330   100.6
16.0200       -1040.561    -1043.795        3.234    97.7
16.0400       -1040.548    -1043.766        3.218    97.2
16.0600       -1040.532    -1043.854        3.322   100.4
16.0800       -1040.515    -1044.026        3.511   106.1
16.1000       -1040.499    -1044.048        3.549   107.2
16.1200       -1040.488    -1043.856        3.368   101.8
16.1400       -1040.477    -1043.655        3.178    96.0
16.1600       -1040.463    -1043.641        3.178    96.0
16.1800       -1040.445    -1043.767        3.322   100.4
16.2000       -1040.423    -1043.842        3.419   103.3
16.2200       -1040.399    -1043.873        3.474   105.0
16.2400       -1040.376    -1043.911        3.534   106.8
16.2600       -1040.355    -1043.831        3.476   105.0
16.2800       -1040.333    -1043.619        3.286    99.3
16.3000       -1040.310    -1043.609        3.299    99.7
16.3200       -1040.283    -1043.766        3.483   105.3
16.3400       -1040.253    -1043.791        3.538   106.9
16.3600       -1040.225    -1043.686        3.460   104.6
16.3800       -1040.198    -1043.591        3.393   102.6
16.4000       -1040.169    -1043.610        3.440   104.0
16.4200       -1040.140    -1043.741        3.601   108.8
16.4400       -1040.114    -1043.862        3.748   113.3
16.4600       -1040.094    -1043.784        3.691   111.5
16.4800       -1040.081    -1043.543        3.462   104.6
16.5000       -1040.072    -1043.424        3.352   101.3
16.5200       -1040.063    -1043.536        3.474   105.0
16.5400       -1040.056    -1043.672        3.616   109.3
16.5600       -1040.055    -1043.711        3.656   110.5
16.5800       -1040.063    -1043.724        3.661   110.6
16.6000       -1040.079    -1043.668        3.589   108.5
16.6200       -1040.102    -1043.509        3.407   103.0
16.6400       -1040.129    -1043.449        3.320   100.3
16.6600       -1040.161    -1043.666        3.505   105.9
16.6800       -1040.202    -1043.858        3.656   110.5
16.7000       -1040.254    -1043.784        3.531   106.7
16.7200       -1040.308    -1043.612        3.304    99.9
16.7400       -1040.361    -1043.617        3.256    98.4
16.7600       -1040.411    -1043.825        3.413   103.1
16.7800       -1040.463    -1044.002        3.539   106.9
16.8000       -1040.514    -1043.986        3.471   104.9
16.8200       -1040.560    -1043.827        3.267    98.7
16.8400       -1040.597    -1043.761        3.165    95.6
16.8600       -1040.626    -1043.890        3.264    98.6
16.8800       -1040.651    -1044.025        3.374   102.0
16.9000       -1040.674    -1044.035        3.362   101.6
16.9200       -1040.694    -1043.958        3.264    98.6
16.9400       -1040.710    -1043.817        3.107    93.9
16.9600       -1040.721    -1043.762        3.041    91.9
16.9800       -1040.726    -1043.930        3.204    96.8
17.0000       -1040.730    -1044.103        3.373   101.9
17.0200       -1040.734    -1043.990        3.256    98.4
17.0400       -1040.736    -1043.798        3.062    92.5
17.0600       -1040.735    -1043.900        3.166    95.7
17.0800       -1040.730    -1044.118        3.387   102.4
17.1000       -1040.727    -1044.058        3.331   100.7
17.1200       -1040.724    -1043.875        3.152    95.2
17.1400       -1040.718    -1043.836        3.118    94.2
17.1600       -1040.709    -1043.894        3.185    96.3
17.1800       -1040.696    -1044.018        3.321   100.4
17.2000       -1040.684    -1044.095        3.411   103.1
17.2200       -1040.672    -1044.043        3.371   101.9
17.2400       -1040.661    -1043.955        3.294    99.6
17.2600       -1040.649    -1043.794        3.145    95.0
17.2800       -1040.634    -1043.604        2.971    89.8
17.3000       -1040.612    -1043.683        3.071    92.8
17.3200       -1040.582    -1043.964        3.381   102.2
17.3400       -1040.549    -1044.026        3.477   105.1
17.3600       -1040.517    -1043.871        3.354   101.4
17.3800       -1040.484    -1043.764        3.280    99.1
17.4000       -1040.450    -1043.852        3.402   102.8
17.4200       -1040.414    -1044.042        3.628   109.6
17.4400       -1040.381    -1043.976        3.594   108.6
17.4600       -1040.354    -1043.674        3.320   100.3
17.4800       -1040.329    -1043.533        3.204    96.8
17.5000       -1040.300    -1043.610        3.310   100.0
17.5200       -1040.269    -1043.711        3.443   104.0
17.5400       -1040.238    -1043.789        3.551   107.3
17.5600       -1040.210    -1043.809        3.599   108.8
17.5800       -1040.187    -1043.711        3.525   106.5
17.6000       -1040.167    -1043.540        3.373   101.9
17.6200       -1040.149    -1043.549        3.400   102.7
17.6400       -1040.131    -1043.750        3.619   109.4
17.6600       -1040.116    -1043.832        3.716   112.3
17.6800       -1040.109    -1043.668        3.559   107.6
17.7000       -1040.106    -1043.575        3.469   104.8
17.7200       -1040.108    -1043.662        3.554   107.4
17.7400       -1040.115    -1043.707        3.592   108.5
17.7600       -1040.131    -1043.615        3.484   105.3
17.7800       -1040.155    -1043.471        3.316   100.2
17.8000       -1040.185    -1043.520        3.335   100.8
17.8200       -1040.225    -1043.786        3.562   107.6
17.8400       -1040.280    -1043.934        3.654   110.4
17.8600       -1040.348    -1043.849        3.501   105.8
17.8800       -1040.421    -1043.751        3.330   100.6
17.9000       -1040.490    -1043.754        3.264    98.6
17.9200       -1040.550    -1043.774        3.224    97.4
17.9400       -1040.602    -1043.847        3.245    98.1
17.9600       -1040.646    -1043.979        3.334   100.7
17.9800       -1040.685    -1044.056        3.371   101.9
18.0000       -1040.719    -1044.021        3.302    99.8
18.0200       -1040.748    -1043.936        3.188    96.3
18.0400       -1040.770    -1043.835        3.065    92.6
18.0600       -1040.786    -1043.856        3.070    92.8
18.0800       -1040.797    -1044.042        3.245    98.1
18.1000       -1040.807    -1044.106        3.299    99.7
18.1200       -1040.815    -1043.994        3.179    96.1
18.1400       -1040.821    -1044.007        3.186    96.3
18.1600       -1040.825    -1044.102        3.277    99.0
18.1800       -1040.828    -1044.095        3.267    98.7
18.2000       -1040.830    -1044.040        3.210    97.0
18.2200       -1040.830    -1043.934        3.104    93.8
18.2400       -1040.825    -1043.802        2.977    90.0
18.2600       -1040.816    -1043.825        3.009    90.9
18.2800       -1040.800    -1044.043        3.243    98.0
18.3000       -1040.781    -1044.184        3.403   102.8
18.3200       -1040.762    -1044.065        3.303    99.8
18.3400       -1040.743    -1043.864        3.120    94.3
18.3600       -1040.721    -1043.809        3.088    93.3
18.3800       -1040.694    -1043.907        3.213    97.1
18.4000       -1040.663    -1043.958        3.295    99.6
18.4200       -1040.630    -1043.916        3.287    99.3
18.4400       -1040.596    -1043.902        3.306    99.9
18.4600       -1040.562    -1043.908        3.346   101.1
18.4800       -1040.529    -1043.903        3.374   102.0
18.5000       -1040.497    -1043.943        3.447   104.2
18.5200       -1040.468    -1043.926        3.458   104.5
18.5400       -1040.443    -1043.786        3.344   101.0
18.5600       -1040.420    -1043.645        3.225    97.5
18.5800       -1040.397    -1043.640        3.243    98.0
18.6000       -1040.373    -1043.789        3.416   103.2
18.6200       -1040.351    -1043.931        3.580   108.2
18.6400       -1040.334    -1043.827        3.493   105.6
18.6600       -1040.321    -1043.538        3.217    97.2
18.6800       -1040.309    -1043.446        3.138    94.8
18.7000       -1040.294    -1043.689        3.395   102.6
18.7200       -1040.279    -1043.934        3.655   110.4
18.7400       -1040.271    -1043.943        3.672   111.0
18.7600       -1040.271    -1043.852        3.581   108.2
18.7800       -1040.277    -1043.788        3.511   106.1
18.8000       -1040.287    -1043.769        3.482   105.2
18.8200       -1040.301    -1043.733        3.432   103.7
18.8400       -1040.318    -1043.645        3.327   100.5
18.8600       -1040.336    -1043.584        3.247    98.1
18.8800       -1040.354    -1043.565        3.211    97.0
18.9000       -1040.372    -1043.670        3.298    99.7
18.9200       -1040.394    -1043.923        3.530   106.7
18.9400       -1040.426    -1044.104        3.678   111.2
18.9600       -1040.471    -1043.961        3.489   105.5
18.9800       -1040.524    -1043.688        3.164    95.6
19.0000       -1040.580    -1043.660        3.081    93.1
19.0200       -1040.639    -1043.849        3.210    97.0
19.0400       -1040.703    -1043.992        3.289    99.4
19.0600       -1040.767    -1044.035        3.269    98.8
19.0800       -1040.826    -1044.089        3.262    98.6
19.1000       -1040.878    -1044.092        3.214    97.1
19.1200       -1040.919    -1043.979        3.061    92.5
19.1400       -1040.946    -1043.964        3.018    91.2
19.1600       -1040.964    -1044.162        3.198    96.6
19.1800       -1040.976    -1044.222        3.246    98.1
19.2000       -1040.984    -1043.991        3.007    90.9
19.2200       -1040.985    -1043.875        2.890    87.3
19.2400       -1040.980    -1044.060        3.080    93.1
19.2600       -1040.971    -1044.247        3.276    99.0
19.2800       -1040.962    -1044.229        3.267    98.7
19.3000       -1040.953    -1044.069        3.116    94.2
19.3200       -1040.941    -1043.925        2.984    90.2
19.3400       -1040.925    -1043.918        2.992    90.4
19.3600       -1040.904    -1044.025        3.121    94.3
19.3800       -1040.879    -1044.126        3.247    98.1
19.4000       -1040.854    -1044.131        3.277    99.0
19.4200       -1040.828    -1044.014        3.186    96.3
19.4400       -1040.802    -1043.860        3.058    92.4
19.4600       -1040.773    -1043.859        3.086    93.2
19.4800       -1040.741    -1044.038        3.297    99.6
19.5000       -1040.708    -1044.107        3.400   102.7
19.5200       -1040.677    -1043.980        3.303    99.8
19.5400       -1040.649    -1043.883        3.233    97.7
19.5600       -1040.622    -1043.891        3.269    98.8
19.5800       -1040.595    -1043.845        3.249    98.2
19.6000       -1040.569    -1043.745        3.175    96.0
19.6200       -1040.543    -1043.752        3.209    97.0
19.6400       -1040.516    -1043.809        3.293    99.5
19.6600       -1040.489    -1043.826        3.337   100.8
19.6800       -1040.465    -1043.904        3.439   103.9
19.7000       -1040.444    -1043.997        3.553   107.4
19.7200       -1040.428    -1043.912        3.484   105.3
19.7400       -1040.418    -1043.705        3.287    99.3
19.7600       -1040.408    -1043.664        3.256    98.4
19.7800       -1040.398    -1043.749        3.351   101.3
19.8000       -1040.389    -1043.759        3.370   101.8
19.8200       -1040.381    -1043.734        3.353   101.3
19.8400       -1040.374    -1043.837        3.463   104.6
19.8600       -1040.371    -1043.957        3.586   108.4
19.8800       -1040.373    -1043.908        3.535   106.8
19.9000       -1040.379    -1043.727        3.348   101.2
19.9200       -1040.386    -1043.593        3.207    96.9
19.9400       -1040.392    -1043.661        3.269    98.8
19.9600       -1040.397    -1043.776        3.378   102.1
19.9800       -1040.404    -1043.787        3.383   102.2
20.0000       -1040.413    -1043.839        3.426   103.5
