Time[ps]      Etot[eV]     Epot[eV]     Ekin[eV]    T[K]
0.0000        -1028.254    -1038.214        9.959   301.0
0.0200        -1028.251    -1037.569        9.317   281.6
0.0400        -1028.239    -1037.543        9.304   281.2
0.0600        -1028.215    -1037.609        9.395   283.9
0.0800        -1028.179    -1037.554        9.375   283.3
0.1000        -1028.131    -1037.532        9.402   284.1
0.1200        -1028.070    -1037.964        9.893   299.0
0.1400        -1028.003    -1038.407       10.404   314.4
0.1600        -1027.938    -1037.969       10.031   303.1
0.1800        -1027.875    -1036.803        8.928   269.8
0.2000        -1027.797    -1036.869        9.072   274.2
0.2200        -1027.691    -1038.231       10.540   318.5
0.2400        -1027.576    -1038.356       10.780   325.8
0.2600        -1027.476    -1037.037        9.560   288.9
0.2800        -1027.378    -1036.249        8.871   268.1
0.3000        -1027.258    -1037.026        9.768   295.2
0.3200        -1027.117    -1038.088       10.971   331.5
0.3400        -1026.988    -1037.967       10.979   331.8
0.3600        -1026.886    -1037.142       10.256   309.9
0.3800        -1026.801    -1036.923       10.122   305.9
0.4000        -1026.723    -1037.082       10.359   313.0
0.4200        -1026.656    -1036.822       10.165   307.2
0.4400        -1026.599    -1036.521        9.922   299.8
0.4600        -1026.547    -1036.795       10.247   309.7
0.4800        -1026.503    -1037.075       10.572   319.5
0.5000        -1026.474    -1036.876       10.402   314.4
0.5200        -1026.457    -1036.767       10.310   311.6
0.5400        -1026.452    -1037.453       11.001   332.5
0.5600        -1026.470    -1037.806       11.337   342.6
0.5800        -1026.509    -1036.883       10.373   313.5
0.6000        -1026.551    -1036.254        9.703   293.2
0.6200        -1026.585    -1036.790       10.205   308.4
0.6400        -1026.622    -1037.492       10.870   328.5
0.6600        -1026.669    -1037.313       10.644   321.7
0.6800        -1026.719    -1037.000       10.280   310.7
0.7000        -1026.768    -1037.096       10.329   312.1
0.7200        -1026.813    -1036.968       10.156   306.9
0.7400        -1026.851    -1036.842        9.991   301.9
0.7600        -1026.886    -1037.190       10.304   311.4
0.7800        -1026.922    -1037.322       10.400   314.3
0.8000        -1026.960    -1036.962       10.002   302.3
0.8200        -1026.992    -1036.430        9.438   285.2
0.8400        -1027.012    -1036.785        9.773   295.3
0.8600        -1027.032    -1037.984       10.952   331.0
0.8800        -1027.071    -1038.114       11.043   333.7
0.9000        -1027.125    -1037.159       10.034   303.2
0.9200        -1027.177    -1036.880        9.703   293.2
0.9400        -1027.225    -1037.298       10.073   304.4
0.9600        -1027.273    -1037.370       10.097   305.1
0.9800        -1027.324    -1037.425       10.101   305.2
1.0000        -1027.378    -1037.444       10.067   304.2
1.0200        -1027.432    -1037.418        9.986   301.8
1.0400        -1027.489    -1037.706       10.217   308.8
1.0600        -1027.552    -1037.572       10.020   302.8
1.0800        -1027.610    -1036.921        9.311   281.4
1.1000        -1027.658    -1037.286        9.628   290.9
1.1200        -1027.706    -1038.052       10.346   312.6
1.1400        -1027.759    -1037.505        9.747   294.5
1.1600        -1027.805    -1036.996        9.191   277.7
1.1800        -1027.842    -1037.497        9.655   291.8
1.2000        -1027.876    -1037.894       10.018   302.8
1.2200        -1027.910    -1037.578        9.669   292.2
1.2400        -1027.942    -1037.729        9.787   295.8
1.2600        -1027.976    -1038.314       10.338   312.4
1.2800        -1028.018    -1038.134       10.116   305.7
1.3000        -1028.067    -1037.776        9.710   293.4
1.3200        -1028.116    -1037.771        9.655   291.8
1.3400        -1028.162    -1037.470        9.308   281.3
1.3600        -1028.201    -1037.297        9.096   274.9
1.3800        -1028.230    -1037.487        9.256   279.7
1.4000        -1028.251    -1037.766        9.516   287.6
1.4200        -1028.266    -1037.912        9.646   291.5
1.4400        -1028.278    -1037.734        9.456   285.8
1.4600        -1028.282    -1037.765        9.482   286.6
1.4800        -1028.280    -1038.221        9.941   300.4
1.5000        -1028.276    -1038.245        9.969   301.3
1.5200        -1028.270    -1037.622        9.352   282.6
1.5400        -1028.253    -1037.131        8.878   268.3
1.5600        -1028.213    -1037.521        9.307   281.3
1.5800        -1028.152    -1038.367       10.215   308.7
1.6000        -1028.082    -1038.545       10.463   316.2
1.6200        -1028.014    -1037.717        9.703   293.2
1.6400        -1027.942    -1036.823        8.881   268.4
1.6600        -1027.849    -1036.834        8.985   271.5
1.6800        -1027.728    -1037.764       10.036   303.3
1.7000        -1027.590    -1038.608       11.018   333.0
1.7200        -1027.467    -1038.053       10.586   319.9
1.7400        -1027.366    -1036.970        9.604   290.2
1.7600        -1027.269    -1036.639        9.369   283.1
1.7800        -1027.165    -1036.696        9.531   288.0
1.8000        -1027.054    -1036.785        9.731   294.1
1.8200        -1026.942    -1037.497       10.555   319.0
1.8400        -1026.839    -1037.870       11.031   333.3
1.8600        -1026.763    -1037.308       10.545   318.7
1.8800        -1026.707    -1036.687        9.980   301.6
1.9000        -1026.659    -1037.072       10.413   314.7
1.9200        -1026.620    -1037.556       10.936   330.5
1.9400        -1026.600    -1037.075       10.475   316.6
1.9600        -1026.593    -1036.591        9.998   302.2
1.9800        -1026.589    -1036.661       10.071   304.4
2.0000        -1026.589    -1036.973       10.384   313.8
2.0200        -1026.597    -1037.100       10.503   317.4
2.0400        -1026.618    -1037.143       10.524   318.1
2.0600        -1026.652    -1037.058       10.406   314.5
2.0800        -1026.698    -1036.936       10.238   309.4
2.1000        -1026.749    -1036.566        9.817   296.7
2.1200        -1026.802    -1036.845       10.043   303.5
2.1400        -1026.866    -1037.636       10.771   325.5
2.1600        -1026.955    -1037.958       11.004   332.5
2.1800        -1027.070    -1037.578       10.509   317.6
2.2000        -1027.199    -1037.169        9.971   301.3
2.2200        -1027.327    -1036.779        9.452   285.6
2.2400        -1027.443    -1036.602        9.160   276.8
2.2600        -1027.549    -1037.305        9.756   294.8
2.2800        -1027.657    -1038.071       10.414   314.7
2.3000        -1027.774    -1038.099       10.325   312.0
2.3200        -1027.889    -1037.794        9.905   299.3
2.3400        -1027.994    -1037.829        9.835   297.2
2.3600        -1028.088    -1037.752        9.664   292.0
2.3800        -1028.163    -1037.372        9.209   278.3
2.4000        -1028.218    -1037.630        9.412   284.4
2.4200        -1028.257    -1037.891        9.634   291.1
2.4400        -1028.284    -1037.798        9.514   287.5
2.4600        -1028.302    -1038.069        9.767   295.2
2.4800        -1028.316    -1038.467       10.151   306.8
2.5000        -1028.328    -1037.779        9.451   285.6
2.5200        -1028.329    -1037.095        8.766   264.9
2.5400        -1028.314    -1037.481        9.168   277.0
2.5600        -1028.286    -1038.095        9.808   296.4
2.5800        -1028.258    -1038.288       10.030   303.1
2.6000        -1028.235    -1038.157        9.922   299.8
2.6200        -1028.213    -1037.873        9.660   291.9
2.6400        -1028.191    -1038.122        9.931   300.1
2.6600        -1028.171    -1038.172       10.001   302.2
2.6800        -1028.151    -1037.320        9.168   277.1
2.7000        -1028.122    -1036.587        8.464   255.8
2.7200        -1028.074    -1036.930        8.856   267.6
2.7400        -1028.007    -1038.010       10.003   302.3
2.7600        -1027.937    -1038.365       10.428   315.1
2.7800        -1027.880    -1038.011       10.131   306.2
2.8000        -1027.834    -1037.901       10.067   304.2
2.8200        -1027.793    -1037.397        9.605   290.3
2.8400        -1027.749    -1036.636        8.887   268.6
2.8600        -1027.693    -1037.268        9.575   289.4
2.8800        -1027.628    -1038.546       10.918   329.9
2.9000        -1027.579    -1038.691       11.112   335.8
2.9200        -1027.556    -1037.784       10.229   309.1
2.9400        -1027.542    -1036.895        9.353   282.6
2.9600        -1027.521    -1036.726        9.205   278.2
2.9800        -1027.487    -1037.018        9.531   288.0
3.0000        -1027.445    -1037.131        9.686   292.7
3.0200        -1027.398    -1037.476       10.078   304.5
3.0400        -1027.354    -1037.792       10.438   315.4
3.0600        -1027.318    -1037.526       10.208   308.5
3.0800        -1027.290    -1037.269        9.979   301.6
3.1000        -1027.262    -1037.048        9.786   295.7
3.1200        -1027.233    -1037.361       10.129   306.1
3.1400        -1027.206    -1037.804       10.598   320.3
3.1600        -1027.189    -1037.203       10.014   302.6
3.1800        -1027.174    -1036.762        9.588   289.7
3.2000        -1027.154    -1037.229       10.074   304.4
3.2200        -1027.134    -1037.821       10.687   323.0
3.2400        -1027.124    -1037.802       10.678   322.7
3.2600        -1027.131    -1037.665       10.534   318.4
3.2800        -1027.154    -1037.439       10.285   310.8
3.3000        -1027.189    -1036.850        9.661   292.0
3.3200        -1027.227    -1036.392        9.165   277.0
3.3400        -1027.264    -1036.853        9.589   289.8
3.3600        -1027.309    -1037.950       10.641   321.6
3.3800        -1027.384    -1038.231       10.847   327.8
3.4000        -1027.488    -1037.181        9.693   292.9
3.4200        -1027.593    -1036.581        8.989   271.6
3.4400        -1027.699    -1037.705       10.006   302.4
3.4600        -1027.824    -1038.398       10.574   319.5
3.4800        -1027.960    -1037.502        9.542   288.4
3.5000        -1028.075    -1036.820        8.745   264.3
3.5200        -1028.176    -1037.997        9.821   296.8
3.5400        -1028.283    -1038.853       10.570   319.4
3.5600        -1028.395    -1038.172        9.777   295.5
3.5800        -1028.492    -1037.558        9.066   274.0
3.6000        -1028.568    -1037.682        9.113   275.4
3.6200        -1028.628    -1037.938        9.309   281.3
3.6400        -1028.677    -1038.006        9.330   281.9
3.6600        -1028.710    -1037.713        9.003   272.1
3.6800        -1028.728    -1038.074        9.347   282.5
3.7000        -1028.737    -1038.783       10.046   303.6
3.7200        -1028.746    -1038.478        9.732   294.1
3.7400        -1028.748    -1037.552        8.803   266.0
3.7600        -1028.734    -1037.624        8.890   268.7
3.7800        -1028.700    -1038.249        9.549   288.6
3.8000        -1028.654    -1038.220        9.566   289.1
3.8200        -1028.599    -1037.903        9.304   281.2
3.8400        -1028.531    -1037.764        9.233   279.0
3.8600        -1028.448    -1037.948        9.500   287.1
3.8800        -1028.352    -1038.042        9.690   292.8
3.9000        -1028.246    -1037.795        9.549   288.6
3.9200        -1028.135    -1037.938        9.803   296.3
3.9400        -1028.018    -1037.885        9.867   298.2
3.9600        -1027.903    -1037.693        9.789   295.8
3.9800        -1027.791    -1037.742        9.951   300.7
4.0000        -1027.683    -1037.625        9.943   300.5
4.0200        -1027.584    -1037.191        9.608   290.3
4.0400        -1027.490    -1036.897        9.407   284.3
4.0600        -1027.396    -1036.773        9.377   283.4
4.0800        -1027.300    -1037.358       10.058   303.9
4.1000        -1027.212    -1038.161       10.949   330.9
4.1200        -1027.148    -1037.853       10.705   323.5
4.1400        -1027.109    -1037.013        9.904   299.3
4.1600        -1027.078    -1036.938        9.860   298.0
4.1800        -1027.049    -1037.289       10.241   309.5
4.2000        -1027.027    -1037.549       10.522   318.0
4.2200        -1027.019    -1037.362       10.342   312.5
4.2400        -1027.018    -1036.770        9.752   294.7
4.2600        -1027.016    -1036.868        9.852   297.7
4.2800        -1027.014    -1037.463       10.448   315.8
4.3000        -1027.021    -1037.497       10.476   316.6
4.3200        -1027.038    -1037.239       10.202   308.3
4.3400        -1027.061    -1037.471       10.410   314.6
4.3600        -1027.093    -1037.356       10.263   310.1
4.3800        -1027.125    -1036.459        9.334   282.1
4.4000        -1027.148    -1036.665        9.517   287.6
4.4200        -1027.166    -1037.833       10.667   322.4
4.4400        -1027.200    -1038.182       10.983   331.9
4.4600        -1027.252    -1037.519       10.267   310.3
4.4800        -1027.308    -1036.891        9.583   289.6
4.5000        -1027.357    -1036.865        9.508   287.3
4.5200        -1027.401    -1037.473       10.071   304.4
4.5400        -1027.450    -1037.680       10.230   309.1
4.5600        -1027.506    -1037.558       10.052   303.8
4.5800        -1027.567    -1037.543        9.976   301.5
4.6000        -1027.631    -1037.486        9.855   297.8
4.6200        -1027.698    -1037.537        9.839   297.3
4.6400        -1027.769    -1037.694        9.925   299.9
4.6600        -1027.846    -1037.592        9.746   294.5
4.6800        -1027.925    -1037.256        9.331   282.0
4.7000        -1028.003    -1037.624        9.621   290.7
4.7200        -1028.091    -1038.103       10.012   302.6
4.7400        -1028.193    -1037.754        9.562   289.0
4.7600        -1028.301    -1037.415        9.114   275.4
4.7800        -1028.414    -1037.776        9.363   282.9
4.8000        -1028.541    -1038.073        9.532   288.1
4.8200        -1028.680    -1038.043        9.363   283.0
4.8400        -1028.830    -1038.258        9.428   284.9
4.8600        -1028.987    -1038.339        9.352   282.6
4.8800        -1029.141    -1038.266        9.125   275.8
4.9000        -1029.280    -1038.121        8.841   267.2
4.9200        -1029.398    -1038.206        8.808   266.2
4.9400        -1029.494    -1038.501        9.007   272.2
4.9600        -1029.572    -1038.841        9.269   280.1
4.9800        -1029.634    -1038.789        9.155   276.7
5.0000        -1029.676    -1038.469        8.793   265.7
5.0200        -1029.696    -1038.192        8.496   256.7
5.0400        -1029.691    -1038.005        8.314   251.2
5.0600        -1029.659    -1038.326        8.666   261.9
5.0800        -1029.607    -1039.029        9.423   284.8
5.1000        -1029.543    -1039.191        9.648   291.6
5.1200        -1029.477    -1038.683        9.206   278.2
5.1400        -1029.406    -1038.087        8.681   262.3
5.1600        -1029.324    -1037.864        8.540   258.1
5.1800        -1029.227    -1038.076        8.849   267.4
5.2000        -1029.121    -1038.303        9.182   277.5
5.2200        -1029.015    -1038.402        9.387   283.7
5.2400        -1028.919    -1038.114        9.195   277.9
5.2600        -1028.833    -1038.238        9.405   284.2
5.2800        -1028.756    -1038.602        9.845   297.5
5.3000        -1028.692    -1038.171        9.479   286.5
5.3200        -1028.635    -1037.600        8.964   270.9
5.3400        -1028.577    -1037.987        9.410   284.4
5.3600        -1028.515    -1038.051        9.536   288.2
5.3800        -1028.454    -1037.368        8.914   269.4
5.4000        -1028.388    -1037.311        8.923   269.7
5.4200        -1028.309    -1038.044        9.735   294.2
5.4400        -1028.226    -1038.434       10.209   308.5
5.4600        -1028.152    -1038.028        9.876   298.5
5.4800        -1028.085    -1037.498        9.413   284.5
5.5000        -1028.014    -1037.411        9.397   284.0
5.5200        -1027.936    -1037.744        9.807   296.4
5.5400        -1027.856    -1037.729        9.873   298.4
5.5600        -1027.778    -1037.295        9.517   287.6
5.5800        -1027.697    -1037.559        9.862   298.0
5.6000        -1027.615    -1037.833       10.218   308.8
5.6200        -1027.538    -1037.346        9.808   296.4
5.6400        -1027.465    -1037.261        9.796   296.0
5.6600        -1027.391    -1037.472       10.081   304.6
5.6800        -1027.320    -1037.536       10.216   308.7
5.7000        -1027.255    -1037.600       10.344   312.6
5.7200        -1027.200    -1037.293       10.093   305.0
5.7400        -1027.150    -1036.954        9.804   296.3
5.7600        -1027.100    -1037.007        9.908   299.4
5.7800        -1027.048    -1037.258       10.210   308.5
5.8000        -1027.001    -1037.366       10.365   313.2
5.8200        -1026.961    -1037.219       10.257   310.0
5.8400        -1026.929    -1037.163       10.234   309.3
5.8600        -1026.903    -1037.385       10.482   316.8
5.8800        -1026.886    -1037.240       10.354   312.9
5.9000        -1026.878    -1037.089       10.211   308.6
5.9200        -1026.877    -1037.121       10.244   309.6
5.9400        -1026.881    -1036.939       10.058   304.0
5.9600        -1026.889    -1037.141       10.252   309.8
5.9800        -1026.906    -1037.527       10.620   321.0
6.0000        -1026.939    -1037.393       10.454   315.9
6.0200        -1026.985    -1036.932        9.947   300.6
6.0400        -1027.036    -1036.725        9.689   292.8
6.0600        -1027.093    -1037.224       10.130   306.1
6.0800        -1027.162    -1037.224       10.062   304.1
6.1000        -1027.241    -1036.888        9.647   291.5
6.1200        -1027.327    -1037.311        9.984   301.7
6.1400        -1027.436    -1038.410       10.973   331.6
6.1600        -1027.586    -1038.344       10.758   325.1
6.1800        -1027.751    -1037.215        9.464   286.0
6.2000        -1027.900    -1036.662        8.762   264.8
6.2200        -1028.028    -1037.129        9.101   275.0
6.2400        -1028.148    -1038.003        9.855   297.8
6.2600        -1028.265    -1038.203        9.939   300.3
6.2800        -1028.373    -1038.129        9.756   294.8
6.3000        -1028.471    -1038.254        9.783   295.6
6.3200        -1028.555    -1037.891        9.335   282.1
6.3400        -1028.616    -1037.477        8.860   267.8
6.3600        -1028.656    -1037.927        9.271   280.2
6.3800        -1028.682    -1038.432        9.750   294.6
6.4000        -1028.701    -1038.099        9.399   284.0
6.4200        -1028.707    -1037.617        8.910   269.3
6.4400        -1028.697    -1037.992        9.295   280.9
6.4600        -1028.677    -1038.485        9.808   296.4
6.4800        -1028.652    -1038.006        9.355   282.7
6.5000        -1028.619    -1037.536        8.917   269.5
6.5200        -1028.573    -1038.148        9.575   289.4
6.5400        -1028.518    -1038.447        9.929   300.1
6.5600        -1028.464    -1037.723        9.259   279.8
6.5800        -1028.405    -1037.623        9.217   278.5
6.6000        -1028.336    -1038.322        9.986   301.8
6.6200        -1028.266    -1038.367       10.101   305.3
6.6400        -1028.203    -1037.740        9.537   288.2
6.6600        -1028.142    -1037.206        9.064   273.9
6.6800        -1028.073    -1037.226        9.154   276.6
6.7000        -1027.994    -1037.649        9.655   291.8
6.7200        -1027.913    -1037.700        9.786   295.7
6.7400        -1027.839    -1037.774        9.936   300.3
6.7600        -1027.773    -1038.210       10.437   315.4
6.7800        -1027.723    -1037.879       10.156   306.9
6.8000        -1027.686    -1037.156        9.470   286.2
6.8200        -1027.649    -1036.983        9.334   282.1
6.8400        -1027.608    -1037.135        9.527   287.9
6.8600        -1027.565    -1037.322        9.757   294.9
6.8800        -1027.525    -1037.702       10.177   307.5
6.9000        -1027.495    -1037.833       10.338   312.4
6.9200        -1027.475    -1037.495       10.021   302.8
6.9400        -1027.460    -1037.348        9.887   298.8
6.9600        -1027.448    -1037.683       10.235   309.3
6.9800        -1027.443    -1037.789       10.346   312.7
7.0000        -1027.444    -1037.322        9.878   298.5
7.0200        -1027.445    -1036.915        9.470   286.2
7.0400        -1027.438    -1036.926        9.489   286.7
7.0600        -1027.424    -1037.369        9.945   300.5
7.0800        -1027.411    -1037.893       10.482   316.8
7.1000        -1027.407    -1037.776       10.369   313.3
7.1200        -1027.411    -1037.028        9.617   290.6
7.1400        -1027.411    -1037.045        9.634   291.1
7.1600        -1027.406    -1037.439       10.032   303.2
7.1800        -1027.401    -1037.195        9.794   296.0
7.2000        -1027.394    -1037.171        9.777   295.5
7.2200        -1027.385    -1037.644       10.259   310.0
7.2400        -1027.383    -1038.023       10.640   321.5
7.2600        -1027.393    -1037.746       10.353   312.9
7.2800        -1027.413    -1037.216        9.804   296.3
7.3000        -1027.430    -1037.001        9.570   289.2
7.3200        -1027.446    -1037.572       10.126   306.0
7.3400        -1027.466    -1037.727       10.261   310.1
7.3600        -1027.493    -1037.140        9.648   291.5
7.3800        -1027.519    -1037.023        9.504   287.2
7.4000        -1027.542    -1037.535        9.993   302.0
7.4200        -1027.571    -1037.658       10.087   304.8
7.4400        -1027.609    -1037.640       10.031   303.1
7.4600        -1027.657    -1037.598        9.941   300.4
7.4800        -1027.715    -1037.474        9.758   294.9
7.5000        -1027.781    -1037.467        9.686   292.7
7.5200        -1027.855    -1037.625        9.769   295.2
7.5400        -1027.938    -1037.710        9.771   295.3
7.5600        -1028.031    -1037.830        9.799   296.1
7.5800        -1028.132    -1037.836        9.704   293.3
7.6000        -1028.235    -1037.623        9.388   283.7
7.6200        -1028.331    -1037.492        9.161   276.8
7.6400        -1028.420    -1037.931        9.511   287.4
7.6600        -1028.508    -1038.313        9.806   296.3
7.6800        -1028.596    -1038.461        9.865   298.1
7.7000        -1028.684    -1038.234        9.550   288.6
7.7200        -1028.761    -1037.877        9.116   275.5
7.7400        -1028.823    -1037.820        8.996   271.9
7.7600        -1028.869    -1037.921        9.052   273.6
7.7800        -1028.899    -1037.936        9.037   273.1
7.8000        -1028.914    -1038.260        9.346   282.4
7.8200        -1028.919    -1038.491        9.572   289.3
7.8400        -1028.916    -1038.026        9.110   275.3
7.8600        -1028.897    -1037.482        8.585   259.4
7.8800        -1028.856    -1038.018        9.162   276.9
7.9000        -1028.793    -1038.707        9.914   299.6
7.9200        -1028.720    -1038.348        9.628   291.0
7.9400        -1028.641    -1038.019        9.378   283.4
7.9600        -1028.548    -1037.905        9.357   282.8
7.9800        -1028.439    -1037.577        9.137   276.1
8.0000        -1028.313    -1037.749        9.436   285.2
8.0200        -1028.170    -1038.241       10.071   304.4
8.0400        -1028.026    -1037.676        9.650   291.6
8.0600        -1027.892    -1037.028        9.136   276.1
8.0800        -1027.758    -1037.422        9.663   292.0
8.1000        -1027.626    -1037.827       10.201   308.3
8.1200        -1027.514    -1037.671       10.157   306.9
8.1400        -1027.424    -1037.612       10.188   307.9
8.1600        -1027.355    -1037.647       10.292   311.0
8.1800        -1027.302    -1037.273        9.970   301.3
8.2000        -1027.260    -1036.754        9.494   286.9
8.2200        -1027.219    -1036.922        9.702   293.2
8.2400        -1027.179    -1037.667       10.488   316.9
8.2600        -1027.152    -1037.881       10.729   324.2
8.2800        -1027.142    -1037.291       10.149   306.7
8.3000        -1027.138    -1036.953        9.815   296.6
8.3200        -1027.134    -1036.959        9.825   296.9
8.3400        -1027.127    -1036.934        9.808   296.4
8.3600        -1027.118    -1037.130       10.011   302.5
8.3800        -1027.113    -1037.419       10.306   311.5
8.4000        -1027.113    -1037.514       10.401   314.3
8.4200        -1027.125    -1037.683       10.558   319.1
8.4400        -1027.149    -1037.304       10.155   306.9
8.4600        -1027.173    -1036.629        9.456   285.8
8.4800        -1027.192    -1036.885        9.692   292.9
8.5000        -1027.208    -1037.413       10.205   308.4
8.5200        -1027.228    -1037.307       10.079   304.6
8.5400        -1027.252    -1037.193        9.941   300.4
8.5600        -1027.279    -1037.542       10.263   310.1
8.5800        -1027.317    -1037.888       10.572   319.5
8.6000        -1027.369    -1037.634       10.265   310.2
8.6200        -1027.431    -1037.444       10.013   302.6
8.6400        -1027.501    -1037.485        9.983   301.7
8.6600        -1027.577    -1037.230        9.653   291.7
8.6800        -1027.653    -1037.128        9.475   286.3
8.7000        -1027.727    -1037.125        9.398   284.0
8.7200        -1027.798    -1037.132        9.334   282.1
8.7400        -1027.868    -1037.808        9.940   300.4
8.7600        -1027.953    -1038.449       10.495   317.2
8.7800        -1028.057    -1037.944        9.887   298.8
8.8000        -1028.162    -1037.357        9.195   277.9
8.8200        -1028.267    -1037.829        9.562   289.0
8.8400        -1028.378    -1038.340        9.962   301.1
8.8600        -1028.499    -1038.149        9.651   291.6
8.8800        -1028.613    -1037.571        8.958   270.7
8.9000        -1028.711    -1037.523        8.812   266.3
8.9200        -1028.795    -1037.967        9.171   277.2
8.9400        -1028.871    -1038.369        9.498   287.0
8.9600        -1028.941    -1038.317        9.376   283.3
8.9800        -1028.999    -1037.886        8.887   268.6
9.0000        -1029.041    -1038.002        8.962   270.8
9.0200        -1029.069    -1038.456        9.387   283.7
9.0400        -1029.086    -1038.497        9.410   284.4
9.0600        -1029.097    -1038.583        9.486   286.7
9.0800        -1029.099    -1038.463        9.364   283.0
9.1000        -1029.089    -1038.009        8.920   269.6
9.1200        -1029.059    -1037.953        8.893   268.8
9.1400        -1029.003    -1038.102        9.098   274.9
9.1600        -1028.917    -1037.950        9.033   273.0
9.1800        -1028.796    -1037.613        8.817   266.5
9.2000        -1028.633    -1037.666        9.033   273.0
9.2200        -1028.421    -1038.328        9.907   299.4
9.2400        -1028.181    -1038.689       10.508   317.5
9.2600        -1027.962    -1038.097       10.135   306.3
9.2800        -1027.783    -1037.556        9.773   295.3
9.3000        -1027.635    -1037.355        9.720   293.7
9.3200        -1027.514    -1036.701        9.186   277.6
9.3400        -1027.410    -1036.566        9.155   276.7
9.3600        -1027.312    -1037.428       10.116   305.7
9.3800        -1027.226    -1037.827       10.601   320.4
9.4000        -1027.165    -1037.383       10.218   308.8
9.4200        -1027.120    -1037.103        9.983   301.7
9.4400        -1027.081    -1036.988        9.907   299.4
9.4600        -1027.045    -1037.171       10.126   306.0
9.4800        -1027.015    -1037.478       10.462   316.2
9.5000        -1026.996    -1037.487       10.490   317.0
9.5200        -1026.989    -1037.247       10.258   310.0
9.5400        -1026.988    -1037.014       10.026   303.0
9.5600        -1026.991    -1037.206       10.214   308.7
9.5800        -1027.001    -1037.644       10.644   321.7
9.6000        -1027.025    -1037.678       10.653   321.9
9.6200        -1027.063    -1037.143       10.080   304.6
9.6400        -1027.103    -1036.629        9.526   287.9
9.6600        -1027.137    -1036.842        9.705   293.3
9.6800        -1027.171    -1037.402       10.231   309.2
9.7000        -1027.211    -1037.471       10.260   310.1
9.7200        -1027.259    -1037.358       10.099   305.2
9.7400        -1027.314    -1037.476       10.162   307.1
9.7600        -1027.376    -1037.499       10.124   305.9
9.7800        -1027.443    -1037.343        9.899   299.2
9.8000        -1027.510    -1037.037        9.527   287.9
9.8200        -1027.572    -1037.263        9.690   292.8
9.8400        -1027.639    -1038.106       10.467   316.3
9.8600        -1027.719    -1038.032       10.313   311.7
9.8800        -1027.803    -1037.124        9.321   281.7
9.9000        -1027.876    -1037.176        9.300   281.1
9.9200        -1027.944    -1037.873        9.929   300.1
9.9400        -1028.015    -1038.073       10.058   304.0
9.9600        -1028.091    -1037.936        9.845   297.5
9.9800        -1028.166    -1037.811        9.645   291.5
10.0000       -1028.238    -1037.894        9.656   291.8
10.0200       -1028.307    -1037.851        9.545   288.4
10.0400       -1028.369    -1037.563        9.195   277.9
10.0600       -1028.415    -1037.145        8.730   263.8
10.0800       -1028.444    -1037.596        9.151   276.6
10.1000       -1028.464    -1038.512       10.048   303.7
10.1200       -1028.486    -1038.548       10.062   304.1
10.1400       -1028.510    -1037.921        9.411   284.4
10.1600       -1028.527    -1037.743        9.216   278.5
10.1800       -1028.533    -1037.941        9.408   284.3
10.2000       -1028.528    -1037.851        9.323   281.7
10.2200       -1028.511    -1037.742        9.231   279.0
10.2400       -1028.476    -1037.926        9.450   285.6
10.2600       -1028.422    -1038.051        9.629   291.0
10.2800       -1028.349    -1038.020        9.670   292.2
10.3000       -1028.255    -1037.873        9.618   290.7
10.3200       -1028.138    -1037.765        9.627   290.9
10.3400       -1027.996    -1037.664        9.668   292.2
10.3600       -1027.835    -1037.496        9.662   292.0
10.3800       -1027.658    -1037.606        9.948   300.6
10.4000       -1027.478    -1037.577       10.099   305.2
10.4200       -1027.311    -1037.151        9.841   297.4
10.4400       -1027.160    -1036.973        9.813   296.6
10.4600       -1027.022    -1037.375       10.353   312.9
10.4800       -1026.904    -1037.797       10.893   329.2
10.5000       -1026.818    -1037.172       10.354   312.9
10.5200       -1026.754    -1036.059        9.304   281.2
10.5400       -1026.693    -1036.415        9.721   293.8
10.5600       -1026.631    -1037.304       10.673   322.5
10.5800       -1026.584    -1037.672       11.088   335.1
10.6000       -1026.563    -1037.333       10.770   325.5
10.6200       -1026.562    -1036.987       10.424   315.0
10.6400       -1026.572    -1036.834       10.262   310.1
10.6600       -1026.589    -1036.951       10.362   313.1
10.6800       -1026.614    -1036.877       10.264   310.2
10.7000       -1026.645    -1036.848       10.203   308.3
10.7200       -1026.683    -1037.106       10.423   315.0
10.7400       -1026.731    -1037.134       10.403   314.4
10.7600       -1026.790    -1037.179       10.390   314.0
10.7800       -1026.858    -1037.095       10.237   309.4
10.8000       -1026.932    -1036.914        9.982   301.7
10.8200       -1027.008    -1037.094       10.087   304.8
10.8400       -1027.090    -1037.404       10.314   311.7
10.8600       -1027.181    -1037.421       10.240   309.4
10.8800       -1027.277    -1037.306       10.029   303.1
10.9000       -1027.374    -1037.396       10.021   302.9
10.9200       -1027.474    -1037.661       10.187   307.9
10.9400       -1027.577    -1037.656       10.079   304.6
10.9600       -1027.677    -1037.415        9.738   294.3
10.9800       -1027.766    -1037.201        9.435   285.1
11.0000       -1027.841    -1037.507        9.667   292.1
11.0200       -1027.912    -1038.198       10.286   310.8
11.0400       -1027.984    -1037.897        9.912   299.6
11.0600       -1028.044    -1037.015        8.970   271.1
11.0800       -1028.083    -1037.271        9.188   277.7
11.1000       -1028.110    -1038.263       10.153   306.8
11.1200       -1028.139    -1038.383       10.244   309.6
11.1400       -1028.168    -1037.737        9.569   289.2
11.1600       -1028.187    -1037.204        9.017   272.5
11.1800       -1028.189    -1037.244        9.054   273.6
11.2000       -1028.178    -1037.982        9.804   296.3
11.2200       -1028.163    -1038.294       10.131   306.2
11.2400       -1028.152    -1038.032        9.881   298.6
11.2600       -1028.141    -1037.828        9.687   292.7
11.2800       -1028.128    -1037.963        9.834   297.2
11.3000       -1028.113    -1037.680        9.567   289.1
11.3200       -1028.094    -1037.426        9.332   282.0
11.3400       -1028.067    -1037.619        9.551   288.6
11.3600       -1028.035    -1037.842        9.807   296.4
11.3800       -1028.004    -1037.818        9.813   296.6
11.4000       -1027.974    -1037.553        9.578   289.5
11.4200       -1027.943    -1037.492        9.549   288.6
11.4400       -1027.910    -1037.590        9.681   292.6
11.4600       -1027.875    -1037.577        9.702   293.2
11.4800       -1027.842    -1037.795        9.954   300.8
11.5000       -1027.814    -1038.027       10.214   308.7
11.5200       -1027.793    -1037.577        9.784   295.7
11.5400       -1027.773    -1037.080        9.307   281.3
11.5600       -1027.748    -1037.461        9.714   293.5
11.5800       -1027.721    -1038.017       10.295   311.1
11.6000       -1027.701    -1037.630        9.929   300.1
11.6200       -1027.685    -1037.216        9.531   288.0
11.6400       -1027.665    -1037.596        9.931   300.1
11.6600       -1027.647    -1037.980       10.333   312.3
11.6800       -1027.636    -1037.634        9.998   302.1
11.7000       -1027.627    -1037.034        9.407   284.3
11.7200       -1027.611    -1037.053        9.443   285.4
11.7400       -1027.588    -1037.827       10.239   309.4
11.7600       -1027.570    -1038.328       10.758   325.1
11.7800       -1027.567    -1037.728       10.161   307.1
11.8000       -1027.568    -1036.736        9.168   277.1
11.8200       -1027.558    -1036.932        9.373   283.3
11.8400       -1027.539    -1037.881       10.342   312.5
11.8600       -1027.524    -1037.576       10.052   303.8
11.8800       -1027.510    -1036.785        9.275   280.3
11.9000       -1027.489    -1037.245        9.756   294.8
11.9200       -1027.461    -1037.891       10.429   315.2
11.9400       -1027.440    -1037.798       10.358   313.0
11.9600       -1027.429    -1037.789       10.360   313.1
11.9800       -1027.426    -1037.712       10.287   310.9
12.0000       -1027.429    -1037.447       10.018   302.7
12.0200       -1027.435    -1037.297        9.861   298.0
12.0400       -1027.442    -1037.335        9.893   299.0
12.0600       -1027.447    -1037.102        9.655   291.8
12.0800       -1027.448    -1037.215        9.766   295.1
12.1000       -1027.448    -1037.562       10.115   305.7
12.1200       -1027.449    -1037.344        9.895   299.0
12.1400       -1027.449    -1037.019        9.570   289.2
12.1600       -1027.444    -1037.357        9.913   299.6
12.1800       -1027.436    -1037.552       10.115   305.7
12.2000       -1027.431    -1037.679       10.248   309.7
12.2200       -1027.432    -1037.943       10.510   317.6
12.2400       -1027.444    -1037.357        9.914   299.6
12.2600       -1027.457    -1036.934        9.477   286.4
12.2800       -1027.464    -1037.066        9.602   290.2
12.3000       -1027.466    -1037.411        9.945   300.5
12.3200       -1027.469    -1037.613       10.144   306.6
12.3400       -1027.474    -1037.327        9.853   297.8
12.3600       -1027.479    -1037.363        9.884   298.7
12.3800       -1027.487    -1038.174       10.686   322.9
12.4000       -1027.511    -1038.274       10.764   325.3
12.4200       -1027.548    -1037.236        9.688   292.8
12.4400       -1027.583    -1036.771        9.188   277.7
12.4600       -1027.608    -1037.242        9.635   291.2
12.4800       -1027.628    -1037.532        9.904   299.3
12.5000       -1027.647    -1037.211        9.564   289.0
12.5200       -1027.659    -1036.949        9.290   280.7
12.5400       -1027.664    -1037.838       10.174   307.5
12.5600       -1027.673    -1038.392       10.718   323.9
12.5800       -1027.696    -1037.712       10.017   302.7
12.6000       -1027.722    -1037.369        9.647   291.5
12.6200       -1027.744    -1037.331        9.587   289.7
12.6400       -1027.762    -1037.607        9.845   297.5
12.6600       -1027.780    -1037.909       10.129   306.1
12.6800       -1027.802    -1037.717        9.914   299.6
12.7000       -1027.824    -1037.366        9.543   288.4
12.7200       -1027.842    -1037.499        9.657   291.8
12.7400       -1027.854    -1037.416        9.562   289.0
12.7600       -1027.860    -1037.379        9.519   287.7
12.7800       -1027.859    -1037.751        9.891   298.9
12.8000       -1027.857    -1037.921       10.064   304.1
12.8200       -1027.856    -1037.592        9.736   294.2
12.8400       -1027.852    -1037.336        9.484   286.6
12.8600       -1027.840    -1037.639        9.799   296.1
12.8800       -1027.823    -1037.617        9.795   296.0
12.9000       -1027.801    -1037.673        9.872   298.3
12.9200       -1027.776    -1037.856       10.080   304.6
12.9400       -1027.751    -1037.675        9.925   299.9
12.9600       -1027.723    -1037.338        9.615   290.6
12.9800       -1027.687    -1037.314        9.627   290.9
13.0000       -1027.642    -1037.932       10.290   311.0
13.0200       -1027.595    -1037.876       10.281   310.7
13.0400       -1027.551    -1037.109        9.558   288.8
13.0600       -1027.500    -1037.009        9.509   287.4
13.0800       -1027.435    -1037.420        9.986   301.8
13.1000       -1027.360    -1037.619       10.259   310.0
13.1200       -1027.285    -1037.641       10.356   313.0
13.1400       -1027.212    -1037.447       10.235   309.3
13.1600       -1027.141    -1037.118        9.977   301.5
13.1800       -1027.068    -1036.988        9.920   299.8
13.2000       -1026.991    -1037.058       10.067   304.2
13.2200       -1026.909    -1036.967       10.057   303.9
13.2400       -1026.826    -1036.921       10.095   305.1
13.2600       -1026.742    -1037.311       10.570   319.4
13.2800       -1026.663    -1037.427       10.765   325.3
13.3000       -1026.597    -1037.154       10.557   319.0
13.3200       -1026.544    -1037.168       10.623   321.0
13.3400       -1026.503    -1037.039       10.535   318.4
13.3600       -1026.472    -1036.621       10.148   306.7
13.3800       -1026.446    -1036.779       10.333   312.3
13.4000       -1026.427    -1037.199       10.772   325.5
13.4200       -1026.423    -1037.113       10.690   323.1
13.4400       -1026.433    -1036.433       10.000   302.2
13.4600       -1026.447    -1036.163        9.716   293.6
13.4800       -1026.462    -1036.869       10.407   314.5
13.5000       -1026.491    -1037.555       11.064   334.4
13.5200       -1026.548    -1037.331       10.782   325.8
13.5400       -1026.633    -1037.124       10.491   317.1
13.5600       -1026.744    -1037.252       10.507   317.5
13.5800       -1026.878    -1036.897       10.018   302.8
13.6000       -1027.023    -1036.841        9.818   296.7
13.6200       -1027.177    -1037.125        9.948   300.6
13.6400       -1027.337    -1037.375       10.039   303.4
13.6600       -1027.500    -1037.757       10.257   310.0
13.6800       -1027.662    -1037.742       10.079   304.6
13.7000       -1027.807    -1037.480        9.673   292.3
13.7200       -1027.931    -1037.656        9.725   293.9
13.7400       -1028.034    -1037.573        9.539   288.3
13.7600       -1028.113    -1037.504        9.391   283.8
13.7800       -1028.174    -1037.908        9.734   294.2
13.8000       -1028.226    -1038.204        9.978   301.5
13.8200       -1028.270    -1037.846        9.576   289.4
13.8400       -1028.301    -1037.588        9.287   280.6
13.8600       -1028.319    -1037.711        9.392   283.8
13.8800       -1028.325    -1037.699        9.374   283.3
13.9000       -1028.321    -1037.708        9.386   283.7
13.9200       -1028.307    -1037.593        9.287   280.6
13.9400       -1028.282    -1037.698        9.416   284.6
13.9600       -1028.249    -1038.279       10.030   303.1
13.9800       -1028.216    -1038.534       10.319   311.8
14.0000       -1028.189    -1038.131        9.942   300.5
14.0200       -1028.165    -1037.673        9.507   287.3
14.0400       -1028.134    -1037.253        9.118   275.6
14.0600       -1028.090    -1037.141        9.051   273.5
14.0800       -1028.029    -1037.486        9.457   285.8
14.1000       -1027.954    -1037.804        9.850   297.7
14.1200       -1027.874    -1037.936       10.062   304.1
14.1400       -1027.795    -1038.139       10.344   312.6
14.1600       -1027.721    -1037.643        9.922   299.8
14.1800       -1027.651    -1036.748        9.097   274.9
14.2000       -1027.570    -1036.973        9.404   284.2
14.2200       -1027.473    -1037.562       10.089   304.9
14.2400       -1027.373    -1037.720       10.347   312.7
14.2600       -1027.282    -1037.653       10.371   313.4
14.2800       -1027.201    -1037.462       10.261   310.1
14.3000       -1027.130    -1037.353       10.223   308.9
14.3200       -1027.066    -1037.146       10.079   304.6
14.3400       -1027.008    -1037.024       10.015   302.7
14.3600       -1026.954    -1037.182       10.229   309.1
14.3800       -1026.906    -1037.204       10.298   311.2
14.4000       -1026.865    -1036.956       10.091   305.0
14.4200       -1026.830    -1037.089       10.259   310.0
14.4400       -1026.802    -1037.099       10.297   311.2
14.4600       -1026.781    -1037.138       10.357   313.0
14.4800       -1026.770    -1037.485       10.715   323.8
14.5000       -1026.774    -1037.198       10.424   315.0
14.5200       -1026.787    -1036.513        9.726   293.9
14.5400       -1026.798    -1036.417        9.619   290.7
14.5600       -1026.804    -1036.866       10.062   304.1
14.5800       -1026.815    -1037.397       10.583   319.8
14.6000       -1026.843    -1037.966       11.123   336.1
14.6200       -1026.907    -1038.013       11.107   335.6
14.6400       -1027.011    -1037.424       10.413   314.7
14.6600       -1027.153    -1036.945        9.792   295.9
14.6800       -1027.330    -1036.995        9.666   292.1
14.7000       -1027.547    -1037.211        9.664   292.0
14.7200       -1027.787    -1037.172        9.385   283.6
14.7400       -1028.019    -1037.286        9.267   280.1
14.7600       -1028.229    -1037.974        9.745   294.5
14.7800       -1028.410    -1038.152        9.742   294.4
14.8000       -1028.548    -1037.866        9.318   281.6
14.8200       -1028.646    -1037.990        9.344   282.4
14.8400       -1028.719    -1038.383        9.664   292.0
14.8600       -1028.771    -1037.955        9.184   277.5
14.8800       -1028.800    -1037.657        8.857   267.6
14.9000       -1028.811    -1038.110        9.300   281.0
14.9200       -1028.808    -1038.387        9.579   289.5
14.9400       -1028.798    -1038.344        9.546   288.5
14.9600       -1028.783    -1038.467        9.684   292.7
14.9800       -1028.762    -1038.343        9.581   289.5
15.0000       -1028.735    -1037.717        8.982   271.4
15.0200       -1028.693    -1037.297        8.604   260.0
15.0400       -1028.631    -1037.746        9.116   275.5
15.0600       -1028.548    -1038.244        9.695   293.0
15.0800       -1028.457    -1038.184        9.727   293.9
15.1000       -1028.365    -1038.019        9.654   291.7
15.1200       -1028.269    -1037.777        9.508   287.3
15.1400       -1028.170    -1037.531        9.362   282.9
15.1600       -1028.064    -1037.602        9.538   288.2
15.1800       -1027.953    -1037.784        9.832   297.1
15.2000       -1027.844    -1037.414        9.570   289.2
15.2200       -1027.739    -1037.193        9.454   285.7
15.2400       -1027.632    -1037.712       10.080   304.6
15.2600       -1027.530    -1038.005       10.475   316.6
15.2800       -1027.446    -1037.604       10.158   307.0
15.3000       -1027.376    -1037.269        9.893   299.0
15.3200       -1027.313    -1037.370       10.056   303.9
15.3400       -1027.256    -1037.366       10.111   305.5
15.3600       -1027.206    -1037.276       10.070   304.3
15.3800       -1027.162    -1037.356       10.193   308.0
15.4000       -1027.126    -1037.157       10.032   303.2
15.4200       -1027.093    -1036.672        9.579   289.5
15.4400       -1027.057    -1036.864        9.807   296.4
15.4600       -1027.020    -1037.721       10.701   323.4
15.4800       -1026.995    -1037.605       10.610   320.6
15.5000       -1026.985    -1037.170       10.185   307.8
15.5200       -1026.983    -1037.279       10.296   311.2
15.5400       -1026.985    -1036.970        9.985   301.7
15.5600       -1026.991    -1036.862        9.871   298.3
15.5800       -1026.996    -1037.154       10.159   307.0
15.6000       -1027.006    -1037.443       10.437   315.4
15.6200       -1027.027    -1037.359       10.332   312.2
15.6400       -1027.057    -1037.283       10.226   309.0
15.6600       -1027.098    -1037.384       10.286   310.9
15.6800       -1027.149    -1037.382       10.233   309.2
15.7000       -1027.213    -1037.431       10.219   308.8
15.7200       -1027.291    -1037.495       10.204   308.4
15.7400       -1027.384    -1037.243        9.859   297.9
15.7600       -1027.482    -1036.773        9.290   280.8
15.7800       -1027.580    -1036.947        9.367   283.1
15.8000       -1027.687    -1037.807       10.121   305.8
15.8200       -1027.816    -1038.047       10.230   309.2
15.8400       -1027.959    -1037.511        9.552   288.7
15.8600       -1028.101    -1037.526        9.425   284.8
15.8800       -1028.245    -1037.922        9.677   292.5
15.9000       -1028.383    -1037.718        9.335   282.1
15.9200       -1028.506    -1037.704        9.198   278.0
15.9400       -1028.616    -1038.329        9.713   293.5
15.9600       -1028.721    -1038.813       10.092   305.0
15.9800       -1028.820    -1038.523        9.703   293.2
16.0000       -1028.901    -1038.024        9.123   275.7
16.0200       -1028.960    -1038.062        9.103   275.1
16.0400       -1028.998    -1038.157        9.159   276.8
16.0600       -1029.017    -1037.768        8.751   264.5
16.0800       -1029.014    -1037.566        8.552   258.4
16.1000       -1028.990    -1038.194        9.203   278.1
16.1200       -1028.955    -1038.755        9.800   296.2
16.1400       -1028.918    -1038.196        9.279   280.4
16.1600       -1028.876    -1037.729        8.852   267.5
16.1800       -1028.824    -1038.021        9.196   277.9
16.2000       -1028.764    -1038.198        9.434   285.1
16.2200       -1028.701    -1037.972        9.271   280.2
16.2400       -1028.637    -1038.161        9.524   287.8
16.2600       -1028.573    -1038.518        9.945   300.5
16.2800       -1028.515    -1038.197        9.682   292.6
16.3000       -1028.463    -1037.658        9.195   277.9
16.3200       -1028.408    -1037.637        9.229   278.9
16.3400       -1028.347    -1037.999        9.652   291.7
16.3600       -1028.286    -1038.071        9.785   295.7
16.3800       -1028.229    -1037.646        9.417   284.6
16.4000       -1028.171    -1037.345        9.174   277.2
16.4200       -1028.108    -1037.865        9.757   294.9
16.4400       -1028.043    -1037.914        9.872   298.3
16.4600       -1027.982    -1037.598        9.615   290.6
16.4800       -1027.924    -1037.767        9.843   297.5
16.5000       -1027.867    -1037.692        9.825   296.9
16.5200       -1027.812    -1037.163        9.351   282.6
16.5400       -1027.753    -1037.064        9.311   281.4
16.5600       -1027.686    -1037.753       10.067   304.2
16.5800       -1027.621    -1038.261       10.640   321.5
16.6000       -1027.570    -1037.788       10.217   308.8
16.6200       -1027.531    -1037.372        9.841   297.4
16.6400       -1027.494    -1037.531       10.037   303.3
16.6600       -1027.459    -1037.577       10.118   305.8
16.6800       -1027.429    -1037.066        9.637   291.2
16.7000       -1027.394    -1036.660        9.265   280.0
16.7200       -1027.351    -1037.258        9.907   299.4
16.7400       -1027.304    -1037.996       10.693   323.1
16.7600       -1027.269    -1037.847       10.578   319.7
16.7800       -1027.248    -1037.045        9.797   296.1
16.8000       -1027.227    -1036.665        9.438   285.2
16.8200       -1027.196    -1036.838        9.642   291.4
16.8400       -1027.159    -1037.295       10.136   306.3
16.8600       -1027.122    -1037.434       10.312   311.6
16.8800       -1027.090    -1037.539       10.449   315.8
16.9000       -1027.067    -1037.695       10.628   321.2
16.9200       -1027.058    -1037.611       10.553   318.9
16.9400       -1027.059    -1037.107       10.048   303.7
16.9600       -1027.065    -1037.002        9.936   300.3
16.9800       -1027.073    -1037.217       10.144   306.5
17.0000       -1027.087    -1037.077        9.990   301.9
17.0200       -1027.103    -1036.753        9.649   291.6
17.0400       -1027.121    -1037.096        9.976   301.5
17.0600       -1027.145    -1037.712       10.566   319.3
17.0800       -1027.189    -1037.597       10.408   314.5
17.1000       -1027.250    -1036.982        9.732   294.1
17.1200       -1027.320    -1037.154        9.834   297.2
17.1400       -1027.406    -1037.829       10.423   315.0
17.1600       -1027.513    -1037.548       10.035   303.3
17.1800       -1027.624    -1036.899        9.274   280.3
17.2000       -1027.730    -1037.185        9.455   285.7
17.2200       -1027.839    -1037.891       10.053   303.8
17.2400       -1027.953    -1037.917        9.964   301.1
17.2600       -1028.066    -1037.762        9.697   293.0
17.2800       -1028.174    -1038.090        9.915   299.6
17.3000       -1028.284    -1038.287       10.003   302.3
17.3200       -1028.385    -1037.625        9.240   279.2
17.3400       -1028.464    -1037.387        8.923   269.6
17.3600       -1028.526    -1037.816        9.290   280.7
17.3800       -1028.575    -1038.026        9.451   285.6
17.4000       -1028.613    -1038.104        9.490   286.8
17.4200       -1028.643    -1038.012        9.369   283.1
17.4400       -1028.660    -1037.579        8.919   269.5
17.4600       -1028.659    -1037.463        8.804   266.0
17.4800       -1028.640    -1037.999        9.359   282.8
17.5000       -1028.607    -1038.469        9.861   298.0
17.5200       -1028.570    -1038.332        9.763   295.0
17.5400       -1028.529    -1038.157        9.628   291.0
17.5600       -1028.481    -1038.016        9.535   288.2
17.5800       -1028.423    -1037.737        9.314   281.5
17.6000       -1028.353    -1037.632        9.279   280.4
17.6200       -1028.266    -1037.800        9.533   288.1
17.6400       -1028.166    -1037.755        9.589   289.8
17.6600       -1028.056    -1037.758        9.702   293.2
17.6800       -1027.938    -1037.797        9.859   297.9
17.7000       -1027.817    -1037.636        9.819   296.7
17.7200       -1027.697    -1037.579        9.881   298.6
17.7400       -1027.581    -1037.498        9.917   299.7
17.7600       -1027.471    -1037.404        9.932   300.2
17.7800       -1027.370    -1037.128        9.758   294.9
17.8000       -1027.276    -1037.060        9.784   295.7
17.8200       -1027.189    -1037.426       10.237   309.4
17.8400       -1027.115    -1037.568       10.452   315.9
17.8600       -1027.059    -1037.087       10.028   303.1
17.8800       -1027.015    -1036.858        9.843   297.5
17.9000       -1026.977    -1037.395       10.419   314.9
17.9200       -1026.951    -1037.482       10.532   318.3
17.9400       -1026.937    -1036.729        9.792   295.9
17.9600       -1026.925    -1036.685        9.760   294.9
17.9800       -1026.914    -1037.483       10.569   319.4
18.0000       -1026.914    -1037.600       10.686   322.9
18.0200       -1026.927    -1037.064       10.137   306.3
18.0400       -1026.945    -1037.064       10.119   305.8
18.0600       -1026.965    -1037.128       10.163   307.1
18.0800       -1026.988    -1037.211       10.224   309.0
18.1000       -1027.016    -1037.333       10.317   311.8
18.1200       -1027.049    -1037.156       10.107   305.4
18.1400       -1027.083    -1037.006        9.923   299.9
18.1600       -1027.116    -1037.109        9.993   302.0
18.1800       -1027.148    -1037.199       10.051   303.7
18.2000       -1027.183    -1037.407       10.224   309.0
18.2200       -1027.223    -1037.592       10.369   313.3
18.2400       -1027.271    -1037.509       10.238   309.4
18.2600       -1027.322    -1037.316        9.994   302.0
18.2800       -1027.373    -1037.324        9.952   300.7
18.3000       -1027.426    -1037.641       10.215   308.7
18.3200       -1027.483    -1037.518       10.035   303.3
18.3400       -1027.538    -1037.133        9.596   290.0
18.3600       -1027.586    -1037.174        9.588   289.7
18.3800       -1027.628    -1037.292        9.663   292.0
18.4000       -1027.665    -1037.419        9.754   294.8
18.4200       -1027.701    -1037.909       10.208   308.5
18.4400       -1027.745    -1038.246       10.501   317.3
18.4600       -1027.801    -1038.109       10.308   311.5
18.4800       -1027.865    -1037.657        9.792   295.9
18.5000       -1027.925    -1037.154        9.229   278.9
18.5200       -1027.974    -1036.912        8.938   270.1
18.5400       -1028.008    -1037.197        9.188   277.7
18.5600       -1028.035    -1037.741        9.706   293.3
18.5800       -1028.061    -1038.001        9.940   300.4
18.6000       -1028.093    -1038.070        9.977   301.5
18.6200       -1028.133    -1038.059        9.926   300.0
18.6400       -1028.185    -1037.932        9.747   294.5
18.6600       -1028.248    -1037.811        9.562   289.0
18.6800       -1028.326    -1037.979        9.653   291.7
18.7000       -1028.420    -1037.968        9.548   288.5
18.7200       -1028.523    -1037.444        8.921   269.6
18.7400       -1028.622    -1037.392        8.770   265.0
18.7600       -1028.718    -1037.949        9.231   279.0
18.7800       -1028.813    -1038.388        9.575   289.4
18.8000       -1028.911    -1038.595        9.684   292.7
18.8200       -1029.008    -1038.568        9.560   288.9
18.8400       -1029.098    -1038.316        9.218   278.6
18.8600       -1029.173    -1037.969        8.796   265.8
18.8800       -1029.227    -1038.001        8.773   265.1
18.9000       -1029.264    -1038.425        9.160   276.8
18.9200       -1029.288    -1038.633        9.346   282.4
18.9400       -1029.299    -1038.240        8.940   270.2
18.9600       -1029.293    -1037.886        8.592   259.7
18.9800       -1029.265    -1037.977        8.712   263.3
19.0000       -1029.212    -1038.279        9.067   274.0
19.0200       -1029.139    -1038.462        9.323   281.7
19.0400       -1029.051    -1038.203        9.153   276.6
19.0600       -1028.948    -1038.033        9.085   274.6
19.0800       -1028.829    -1038.196        9.367   283.1
19.1000       -1028.696    -1038.302        9.605   290.3
19.1200       -1028.561    -1038.192        9.631   291.1
19.1400       -1028.429    -1037.977        9.548   288.5
19.1600       -1028.302    -1037.930        9.627   290.9
19.1800       -1028.182    -1037.803        9.621   290.7
19.2000       -1028.070    -1037.504        9.434   285.1
19.2200       -1027.965    -1037.362        9.396   284.0
19.2400       -1027.864    -1037.747        9.883   298.7
19.2600       -1027.770    -1037.904       10.134   306.2
19.2800       -1027.691    -1037.293        9.602   290.2
19.3000       -1027.619    -1037.170        9.551   288.6
19.3200       -1027.549    -1037.570       10.021   302.8
19.3400       -1027.483    -1037.315        9.831   297.1
19.3600       -1027.424    -1037.088        9.664   292.1
19.3800       -1027.365    -1037.816       10.451   315.8
19.4000       -1027.317    -1038.300       10.983   331.9
19.4200       -1027.290    -1037.271        9.982   301.6
19.4400       -1027.268    -1036.432        9.164   277.0
19.4600       -1027.237    -1037.078        9.841   297.4
19.4800       -1027.202    -1037.693       10.491   317.1
19.5000       -1027.176    -1037.506       10.330   312.2
19.5200       -1027.159    -1037.034        9.875   298.4
19.5400       -1027.142    -1037.271       10.129   306.1
19.5600       -1027.131    -1037.960       10.829   327.3
19.5800       -1027.136    -1037.643       10.507   317.5
19.6000       -1027.150    -1036.687        9.537   288.2
19.6200       -1027.160    -1036.859        9.699   293.1
19.6400       -1027.168    -1037.511       10.343   312.6
19.6600       -1027.183    -1037.395       10.213   308.6
19.6800       -1027.202    -1036.575        9.373   283.3
19.7000       -1027.212    -1036.440        9.228   278.9
19.7200       -1027.214    -1037.895       10.681   322.8
19.7400       -1027.234    -1038.762       11.529   348.4
19.7600       -1027.285    -1037.595       10.310   311.6
19.7800       -1027.346    -1036.661        9.315   281.5
19.8000       -1027.408    -1037.401        9.992   302.0
19.8200       -1027.484    -1037.851       10.367   313.3
19.8400       -1027.576    -1037.281        9.705   293.3
19.8600       -1027.671    -1036.946        9.275   280.3
19.8800       -1027.767    -1037.364        9.598   290.0
19.9000       -1027.871    -1037.825        9.954   300.8
19.9200       -1027.984    -1037.682        9.698   293.1
19.9400       -1028.098    -1037.595        9.497   287.0
19.9600       -1028.213    -1037.916        9.702   293.2
19.9800       -1028.330    -1038.123        9.793   295.9
20.0000       -1028.445    -1038.129        9.683   292.6
