Time[ps]      Etot[eV]     Epot[eV]     Ekin[eV]    T[K]
0.0000        -1037.061    -1047.148       10.088   304.9
0.0200        -1037.055    -1044.162        7.107   214.8
0.0400        -1037.025    -1039.396        2.371    71.6
0.0600        -1036.987    -1039.402        2.415    73.0
0.0800        -1036.864    -1041.941        5.078   153.4
0.1000        -1036.671    -1042.500        5.828   176.1
0.1200        -1036.512    -1041.756        5.244   158.5
0.1400        -1036.378    -1042.189        5.811   175.6
0.1600        -1036.231    -1042.738        6.507   196.6
0.1800        -1036.082    -1041.673        5.591   169.0
0.2000        -1035.946    -1040.533        4.587   138.6
0.2200        -1035.794    -1041.172        5.377   162.5
0.2400        -1035.596    -1042.005        6.409   193.7
0.2600        -1035.389    -1041.311        5.922   179.0
0.2800        -1035.204    -1040.548        5.344   161.5
0.3000        -1035.009    -1041.371        6.363   192.3
0.3200        -1034.772    -1042.401        7.628   230.5
0.3400        -1034.534    -1041.693        7.159   216.3
0.3600        -1034.333    -1039.946        5.613   169.6
0.3800        -1034.152    -1039.599        5.447   164.6
0.4000        -1033.938    -1040.552        6.614   199.9
0.4200        -1033.695    -1040.637        6.942   209.8
0.4400        -1033.461    -1040.111        6.649   200.9
0.4600        -1033.228    -1040.383        7.155   216.2
0.4800        -1032.976    -1040.881        7.905   238.9
0.5000        -1032.722    -1040.495        7.773   234.9
0.5200        -1032.486    -1039.662        7.176   216.9
0.5400        -1032.258    -1039.409        7.151   216.1
0.5600        -1032.021    -1039.224        7.203   217.7
0.5800        -1031.788    -1038.533        6.745   203.8
0.6000        -1031.553    -1038.850        7.298   220.5
0.6200        -1031.279    -1040.407        9.128   275.9
0.6400        -1030.982    -1041.154       10.172   307.4
0.6600        -1030.722    -1039.687        8.965   270.9
0.6800        -1030.515    -1037.613        7.099   214.5
0.7000        -1030.319    -1037.206        6.887   208.1
0.7200        -1030.085    -1038.421        8.335   251.9
0.7400        -1029.809    -1039.401        9.592   289.9
0.7600        -1029.537    -1039.409        9.873   298.4
0.7800        -1029.290    -1038.939        9.650   291.6
0.8000        -1029.070    -1037.881        8.812   266.3
0.8200        -1028.866    -1037.142        8.276   250.1
0.8400        -1028.652    -1037.499        8.847   267.4
0.8600        -1028.418    -1038.081        9.664   292.0
0.8800        -1028.183    -1038.040        9.858   297.9
0.9000        -1027.962    -1037.865        9.902   299.3
0.9200        -1027.754    -1037.728        9.974   301.4
0.9400        -1027.558    -1037.592       10.034   303.2
0.9600        -1027.372    -1037.584       10.212   308.6
0.9800        -1027.198    -1037.074        9.876   298.4
1.0000        -1027.036    -1036.898        9.862   298.0
1.0200        -1026.874    -1037.198       10.323   312.0
1.0400        -1026.720    -1037.142       10.422   315.0
1.0600        -1026.579    -1037.156       10.577   319.6
1.0800        -1026.453    -1037.061       10.608   320.6
1.1000        -1026.343    -1036.849       10.506   317.5
1.1200        -1026.248    -1036.616       10.368   313.3
1.1400        -1026.164    -1036.542       10.378   313.6
1.1600        -1026.089    -1036.960       10.872   328.5
1.1800        -1026.031    -1037.287       11.256   340.2
1.2000        -1026.000    -1036.668       10.668   322.4
1.2200        -1025.987    -1036.149       10.162   307.1
1.2400        -1025.980    -1036.021       10.041   303.4
1.2600        -1025.976    -1036.311       10.335   312.3
