Time[ps]      Etot[eV]     Epot[eV]     Ekin[eV]    T[K]
0.0000        -1043.576    -1047.148        3.572   108.0
0.0200        -1043.576    -1046.069        2.494    75.4
0.0400        -1043.568    -1044.369        0.802    24.2
0.0600        -1043.556    -1044.320        0.764    23.1
0.0800        -1043.515    -1045.387        1.872    56.6
0.1000        -1043.443    -1045.753        2.310    69.8
0.1200        -1043.384    -1045.302        1.918    58.0
0.1400        -1043.341    -1045.132        1.791    54.1
0.1600        -1043.296    -1045.377        2.081    62.9
0.1800        -1043.246    -1045.282        2.036    61.5
0.2000        -1043.197    -1044.883        1.686    50.9
0.2200        -1043.148    -1044.944        1.796    54.3
0.2400        -1043.083    -1045.365        2.282    68.9
0.2600        -1043.011    -1045.264        2.253    68.1
0.2800        -1042.948    -1044.721        1.773    53.6
0.3000        -1042.890    -1044.775        1.884    56.9
0.3200        -1042.816    -1045.442        2.626    79.4
0.3400        -1042.729    -1045.561        2.831    85.6
0.3600        -1042.656    -1044.866        2.211    66.8
0.3800        -1042.597    -1044.413        1.816    54.9
0.4000        -1042.533    -1044.693        2.160    65.3
0.4200        -1042.453    -1044.927        2.474    74.8
0.4400        -1042.373    -1044.707        2.334    70.5
0.4600        -1042.299    -1044.580        2.280    68.9
0.4800        -1042.221    -1044.816        2.595    78.4
0.5000        -1042.135    -1044.943        2.808    84.8
0.5200        -1042.053    -1044.677        2.624    79.3
0.5400        -1041.980    -1044.367        2.388    72.2
0.5600        -1041.907    -1044.293        2.386    72.1
0.5800        -1041.830    -1044.264        2.434    73.6
0.6000        -1041.751    -1044.244        2.493    75.3
0.6200        -1041.666    -1044.580        2.914    88.1
0.6400        -1041.572    -1045.029        3.457   104.5
0.6600        -1041.484    -1044.814        3.330   100.6
0.6800        -1041.414    -1044.021        2.606    78.8
0.7000        -1041.355    -1043.648        2.293    69.3
0.7200        -1041.285    -1044.067        2.783    84.1
0.7400        -1041.197    -1044.523        3.326   100.5
0.7600        -1041.112    -1044.403        3.292    99.5
0.7800        -1041.037    -1044.106        3.069    92.8
0.8000        -1040.968    -1044.059        3.091    93.4
0.8200        -1040.899    -1043.940        3.042    91.9
0.8400        -1040.832    -1043.694        2.862    86.5
0.8600        -1040.764    -1043.792        3.027    91.5
0.8800        -1040.690    -1044.082        3.392   102.5
0.9000        -1040.618    -1043.971        3.354   101.3
0.9200        -1040.554    -1043.585        3.031    91.6
0.9400        -1040.493    -1043.717        3.224    97.4
0.9600        -1040.426    -1044.336        3.911   118.2
0.9800        -1040.366    -1044.372        4.007   121.1
1.0000        -1040.325    -1043.528        3.202    96.8
1.0200        -1040.293    -1043.029        2.735    82.7
1.0400        -1040.253    -1043.650        3.397   102.7
1.0600        -1040.205    -1044.263        4.058   122.6
1.0800        -1040.169    -1043.914        3.745   113.2
1.1000        -1040.148    -1043.387        3.240    97.9
1.1200        -1040.128    -1043.539        3.410   103.1
1.1400        -1040.109    -1043.780        3.671   110.9
1.1600        -1040.096    -1043.500        3.404   102.9
1.1800        -1040.085    -1043.309        3.224    97.4
1.2000        -1040.075    -1043.753        3.678   111.2
1.2200        -1040.072    -1043.967        3.895   117.7
1.2400        -1040.078    -1043.299        3.221    97.3
1.2600        -1040.081    -1042.814        2.733    82.6
1.2800        -1040.078    -1043.584        3.506   105.9
1.3000        -1040.080    -1044.527        4.448   134.4
1.3200        -1040.107    -1044.337        4.230   127.8
1.3400        -1040.149    -1043.466        3.317   100.2
1.3600        -1040.186    -1043.205        3.019    91.2
1.3800        -1040.220    -1043.787        3.567   107.8
1.4000        -1040.265    -1044.197        3.932   118.8
1.4200        -1040.320    -1043.865        3.545   107.1
1.4400        -1040.372    -1043.475        3.103    93.8
1.4600        -1040.416    -1043.541        3.125    94.4
1.4800        -1040.457    -1043.652        3.195    96.5
1.5000        -1040.494    -1043.588        3.094    93.5
1.5200        -1040.525    -1043.643        3.118    94.2
1.5400        -1040.555    -1043.981        3.427   103.6
1.5600        -1040.590    -1044.308        3.718   112.4
1.5800        -1040.634    -1044.266        3.632   109.8
1.6000        -1040.680    -1043.943        3.263    98.6
1.6200        -1040.719    -1043.685        2.966    89.6
1.6400        -1040.751    -1043.714        2.963    89.6
1.6600        -1040.777    -1044.006        3.229    97.6
1.6800        -1040.805    -1044.287        3.482   105.2
1.7000        -1040.835    -1044.259        3.424   103.5
1.7200        -1040.866    -1044.035        3.169    95.8
1.7400        -1040.892    -1043.923        3.030    91.6
1.7600        -1040.913    -1043.929        3.016    91.1
1.7800        -1040.928    -1043.895        2.967    89.7
1.8000        -1040.937    -1043.849        2.912    88.0
1.8200        -1040.939    -1043.939        3.000    90.7
1.8400        -1040.936    -1044.174        3.238    97.9
1.8600        -1040.930    -1044.284        3.354   101.4
1.8800        -1040.925    -1044.092        3.167    95.7
1.9000        -1040.917    -1043.880        2.963    89.5
1.9200        -1040.904    -1043.985        3.081    93.1
1.9400        -1040.886    -1044.248        3.362   101.6
1.9600        -1040.867    -1044.226        3.359   101.5
1.9800        -1040.849    -1043.860        3.011    91.0
2.0000        -1040.828    -1043.602        2.775    83.8
2.0200        -1040.798    -1043.884        3.085    93.2
2.0400        -1040.760    -1044.433        3.673   111.0
2.0600        -1040.725    -1044.536        3.811   115.2
2.0800        -1040.701    -1044.023        3.322   100.4
2.1000        -1040.682    -1043.518        2.836    85.7
2.1200        -1040.657    -1043.457        2.800    84.6
2.1400        -1040.622    -1043.711        3.089    93.3
2.1600        -1040.580    -1043.950        3.370   101.8
2.1800        -1040.538    -1043.947        3.410   103.0
2.2000        -1040.499    -1043.859        3.361   101.6
2.2200        -1040.462    -1043.916        3.454   104.4
2.2400        -1040.428    -1043.914        3.485   105.3
2.2600        -1040.399    -1043.688        3.289    99.4
2.2800        -1040.371    -1043.644        3.273    98.9
2.3000        -1040.343    -1043.857        3.515   106.2
