Time[ps]      Etot[eV]     Epot[eV]     Ekin[eV]    T[K]
0.0000        -1037.087    -1047.148       10.061   304.1
0.0200        -1037.081    -1044.062        6.981   211.0
0.0400        -1037.051    -1039.225        2.174    65.7
0.0600        -1037.013    -1039.504        2.491    75.3
0.0800        -1036.882    -1042.311        5.429   164.1
0.1000        -1036.682    -1042.690        6.008   181.6
0.1200        -1036.525    -1041.652        5.127   154.9
0.1400        -1036.395    -1042.134        5.739   173.4
0.1600        -1036.247    -1042.808        6.560   198.3
0.1800        -1036.098    -1041.621        5.524   166.9
0.2000        -1035.966    -1040.219        4.253   128.5
0.2200        -1035.821    -1041.063        5.242   158.4
0.2400        -1035.615    -1042.515        6.900   208.5
0.2600        -1035.393    -1041.844        6.451   194.9
0.2800        -1035.208    -1040.348        5.140   155.3
0.3000        -1035.031    -1040.735        5.704   172.4
0.3200        -1034.808    -1042.041        7.233   218.6
0.3400        -1034.566    -1041.704        7.138   215.7
0.3600        -1034.355    -1040.337        5.981   180.8
0.3800        -1034.160    -1040.076        5.916   178.8
0.4000        -1033.943    -1040.516        6.573   198.6
0.4200        -1033.711    -1040.369        6.658   201.2
0.4400        -1033.483    -1040.047        6.564   198.4
0.4600        -1033.246    -1040.588        7.341   221.8
0.4800        -1032.987    -1041.114        8.127   245.6
0.5000        -1032.734    -1040.289        7.554   228.3
0.5200        -1032.509    -1039.332        6.823   206.2
0.5400        -1032.281    -1039.614        7.333   221.6
0.5600        -1032.034    -1039.555        7.522   227.3
0.5800        -1031.797    -1038.556        6.759   204.3
0.6000        -1031.568    -1038.679        7.111   214.9
0.6200        -1031.296    -1040.512        9.216   278.5
0.6400        -1030.998    -1041.129       10.131   306.2
0.6600        -1030.743    -1039.305        8.563   258.8
0.6800        -1030.540    -1037.324        6.784   205.0
0.7000        -1030.336    -1037.754        7.417   224.2
0.7200        -1030.078    -1039.363        9.285   280.6
0.7400        -1029.800    -1039.470        9.670   292.2
0.7600        -1029.553    -1038.370        8.816   266.4
0.7800        -1029.327    -1038.288        8.961   270.8
0.8000        -1029.093    -1038.372        9.279   280.4
0.8200        -1028.870    -1037.345        8.475   256.1
0.8400        -1028.655    -1037.293        8.637   261.0
0.8600        -1028.417    -1038.492       10.075   304.5
0.8800        -1028.173    -1038.619       10.446   315.7
0.9000        -1027.960    -1037.554        9.594   289.9
0.9200        -1027.770    -1037.148        9.378   283.4
0.9400        -1027.575    -1037.773       10.198   308.2
0.9600        -1027.382    -1037.680       10.299   311.2
0.9800        -1027.208    -1036.831        9.622   290.8
1.0000        -1027.045    -1036.728        9.682   292.6
1.0200        -1026.876    -1037.391       10.514   317.7
1.0400        -1026.712    -1037.922       11.210   338.8
1.0600        -1026.574    -1037.751       11.176   337.7
1.0800        -1026.469    -1036.838       10.369   313.3
1.1000        -1026.382    -1036.264        9.882   298.6
1.1200        -1026.297    -1036.116        9.819   296.7
1.1400        -1026.211    -1036.206        9.996   302.1
1.1600        -1026.123    -1036.949       10.825   327.1
1.1800        -1026.050    -1037.833       11.784   356.1
1.2000        -1026.013    -1037.347       11.334   342.5
1.2200        -1026.005    -1035.481        9.476   286.4
1.2400        -1025.994    -1035.162        9.167   277.0
1.2600        -1025.972    -1036.605       10.633   321.3
1.2800        -1025.962    -1037.906       11.944   361.0
1.3000        -1025.993    -1037.546       11.553   349.1
1.3200        -1026.057    -1036.608       10.551   318.8
1.3400        -1026.135    -1036.605       10.470   316.4
1.3600        -1026.227    -1037.085       10.858   328.1
1.3800        -1026.342    -1037.453       11.112   335.8
1.4000        -1026.479    -1037.122       10.643   321.6
1.4200        -1026.620    -1036.609        9.989   301.9
1.4400        -1026.756    -1036.615        9.859   297.9
1.4600        -1026.886    -1036.679        9.792   295.9
1.4800        -1027.009    -1036.626        9.617   290.6
1.5000        -1027.124    -1036.969        9.845   297.5
1.5200        -1027.243    -1037.906       10.663   322.2
1.5400        -1027.385    -1038.493       11.109   335.7
1.5600        -1027.543    -1037.971       10.429   315.2
1.5800        -1027.696    -1037.288        9.592   289.9
1.6000        -1027.827    -1036.796        8.969   271.0
1.6200        -1027.935    -1037.062        9.128   275.8
1.6400        -1028.033    -1038.040       10.006   302.4
1.6600        -1028.140    -1038.688       10.548   318.8
1.6800        -1028.254    -1038.214        9.959   301.0
